Archive member included to satisfy reference by file (symbol)

C:/ST/STM32CubeIDE_1.15.1/STM32CubeIDE/plugins/com.st.stm32cube.ide.mcu.externaltools.gnu-tools-for-stm32.12.3.rel1.win32_1.0.200.202406191623/tools/bin/../lib/gcc/arm-none-eabi/12.3.1/../../../../arm-none-eabi/lib/thumb/v7e-m+fp/hard\libc_nano.a(libc_a-exit.o)
                              C:/ST/STM32CubeIDE_1.15.1/STM32CubeIDE/plugins/com.st.stm32cube.ide.mcu.externaltools.gnu-tools-for-stm32.12.3.rel1.win32_1.0.200.202406191623/tools/bin/../lib/gcc/arm-none-eabi/12.3.1/../../../../arm-none-eabi/lib/thumb/v7e-m+fp/hard/crt0.o (exit)
C:/ST/STM32CubeIDE_1.15.1/STM32CubeIDE/plugins/com.st.stm32cube.ide.mcu.externaltools.gnu-tools-for-stm32.12.3.rel1.win32_1.0.200.202406191623/tools/bin/../lib/gcc/arm-none-eabi/12.3.1/../../../../arm-none-eabi/lib/thumb/v7e-m+fp/hard\libc_nano.a(libc_a-findfp.o)
                              C:/ST/STM32CubeIDE_1.15.1/STM32CubeIDE/plugins/com.st.stm32cube.ide.mcu.externaltools.gnu-tools-for-stm32.12.3.rel1.win32_1.0.200.202406191623/tools/bin/../lib/gcc/arm-none-eabi/12.3.1/../../../../arm-none-eabi/lib/thumb/v7e-m+fp/hard\libc_nano.a(libc_a-exit.o) (__stdio_exit_handler)
C:/ST/STM32CubeIDE_1.15.1/STM32CubeIDE/plugins/com.st.stm32cube.ide.mcu.externaltools.gnu-tools-for-stm32.12.3.rel1.win32_1.0.200.202406191623/tools/bin/../lib/gcc/arm-none-eabi/12.3.1/../../../../arm-none-eabi/lib/thumb/v7e-m+fp/hard\libc_nano.a(libc_a-fwalk.o)
                              C:/ST/STM32CubeIDE_1.15.1/STM32CubeIDE/plugins/com.st.stm32cube.ide.mcu.externaltools.gnu-tools-for-stm32.12.3.rel1.win32_1.0.200.202406191623/tools/bin/../lib/gcc/arm-none-eabi/12.3.1/../../../../arm-none-eabi/lib/thumb/v7e-m+fp/hard\libc_nano.a(libc_a-findfp.o) (_fwalk_sglue)
C:/ST/STM32CubeIDE_1.15.1/STM32CubeIDE/plugins/com.st.stm32cube.ide.mcu.externaltools.gnu-tools-for-stm32.12.3.rel1.win32_1.0.200.202406191623/tools/bin/../lib/gcc/arm-none-eabi/12.3.1/../../../../arm-none-eabi/lib/thumb/v7e-m+fp/hard\libc_nano.a(libc_a-sscanf.o)
                              ./Core/Src/command.o (sscanf)
C:/ST/STM32CubeIDE_1.15.1/STM32CubeIDE/plugins/com.st.stm32cube.ide.mcu.externaltools.gnu-tools-for-stm32.12.3.rel1.win32_1.0.200.202406191623/tools/bin/../lib/gcc/arm-none-eabi/12.3.1/../../../../arm-none-eabi/lib/thumb/v7e-m+fp/hard\libc_nano.a(libc_a-stdio.o)
                              C:/ST/STM32CubeIDE_1.15.1/STM32CubeIDE/plugins/com.st.stm32cube.ide.mcu.externaltools.gnu-tools-for-stm32.12.3.rel1.win32_1.0.200.202406191623/tools/bin/../lib/gcc/arm-none-eabi/12.3.1/../../../../arm-none-eabi/lib/thumb/v7e-m+fp/hard\libc_nano.a(libc_a-findfp.o) (__sread)
C:/ST/STM32CubeIDE_1.15.1/STM32CubeIDE/plugins/com.st.stm32cube.ide.mcu.externaltools.gnu-tools-for-stm32.12.3.rel1.win32_1.0.200.202406191623/tools/bin/../lib/gcc/arm-none-eabi/12.3.1/../../../../arm-none-eabi/lib/thumb/v7e-m+fp/hard\libc_nano.a(libc_a-memset.o)
                              C:/ST/STM32CubeIDE_1.15.1/STM32CubeIDE/plugins/com.st.stm32cube.ide.mcu.externaltools.gnu-tools-for-stm32.12.3.rel1.win32_1.0.200.202406191623/tools/bin/../lib/gcc/arm-none-eabi/12.3.1/../../../../arm-none-eabi/lib/thumb/v7e-m+fp/hard/crt0.o (memset)
C:/ST/STM32CubeIDE_1.15.1/STM32CubeIDE/plugins/com.st.stm32cube.ide.mcu.externaltools.gnu-tools-for-stm32.12.3.rel1.win32_1.0.200.202406191623/tools/bin/../lib/gcc/arm-none-eabi/12.3.1/../../../../arm-none-eabi/lib/thumb/v7e-m+fp/hard\libc_nano.a(libc_a-closer.o)
                              C:/ST/STM32CubeIDE_1.15.1/STM32CubeIDE/plugins/com.st.stm32cube.ide.mcu.externaltools.gnu-tools-for-stm32.12.3.rel1.win32_1.0.200.202406191623/tools/bin/../lib/gcc/arm-none-eabi/12.3.1/../../../../arm-none-eabi/lib/thumb/v7e-m+fp/hard\libc_nano.a(libc_a-stdio.o) (_close_r)
C:/ST/STM32CubeIDE_1.15.1/STM32CubeIDE/plugins/com.st.stm32cube.ide.mcu.externaltools.gnu-tools-for-stm32.12.3.rel1.win32_1.0.200.202406191623/tools/bin/../lib/gcc/arm-none-eabi/12.3.1/../../../../arm-none-eabi/lib/thumb/v7e-m+fp/hard\libc_nano.a(libc_a-reent.o)
                              C:/ST/STM32CubeIDE_1.15.1/STM32CubeIDE/plugins/com.st.stm32cube.ide.mcu.externaltools.gnu-tools-for-stm32.12.3.rel1.win32_1.0.200.202406191623/tools/bin/../lib/gcc/arm-none-eabi/12.3.1/../../../../arm-none-eabi/lib/thumb/v7e-m+fp/hard\libc_nano.a(libc_a-closer.o) (errno)
C:/ST/STM32CubeIDE_1.15.1/STM32CubeIDE/plugins/com.st.stm32cube.ide.mcu.externaltools.gnu-tools-for-stm32.12.3.rel1.win32_1.0.200.202406191623/tools/bin/../lib/gcc/arm-none-eabi/12.3.1/../../../../arm-none-eabi/lib/thumb/v7e-m+fp/hard\libc_nano.a(libc_a-impure.o)
                              C:/ST/STM32CubeIDE_1.15.1/STM32CubeIDE/plugins/com.st.stm32cube.ide.mcu.externaltools.gnu-tools-for-stm32.12.3.rel1.win32_1.0.200.202406191623/tools/bin/../lib/gcc/arm-none-eabi/12.3.1/../../../../arm-none-eabi/lib/thumb/v7e-m+fp/hard\libc_nano.a(libc_a-sscanf.o) (_impure_ptr)
[...]
Memory Configuration

Name             Origin             Length             Attributes
RAM              0x20000000         0x00020000         xrw
FLASH            0x08000000         0x00080000         xr
*default*        0x00000000         0xffffffff

Linker script and memory map

LOAD C:/ST/STM32CubeIDE_1.15.1/STM32CubeIDE/plugins/com.st.stm32cube.ide.mcu.externaltools.gnu-tools-for-stm32.12.3.rel1.win32_1.0.200.202406191623/tools/bin/../lib/gcc/arm-none-eabi/12.3.1/thumb/v7e-m+fp/hard/crti.o
LOAD C:/ST/STM32CubeIDE_1.15.1/STM32CubeIDE/plugins/com.st.stm32cube.ide.mcu.externaltools.gnu-tools-for-stm32.12.3.rel1.win32_1.0.200.202406191623/tools/bin/../lib/gcc/arm-none-eabi/12.3.1/thumb/v7e-m+fp/hard/crtbegin.o
LOAD C:/ST/STM32CubeIDE_1.15.1/STM32CubeIDE/plugins/com.st.stm32cube.ide.mcu.externaltools.gnu-tools-for-stm32.12.3.rel1.win32_1.0.200.202406191623/tools/bin/../lib/gcc/arm-none-eabi/12.3.1/../../../../arm-none-eabi/lib/thumb/v7e-m+fp/hard/crt0.o
LOAD ./Core/Src/command.o
LOAD ./Core/Src/gpio.o
LOAD ./Core/Src/i2c.o
LOAD ./Core/Src/main.o
LOAD ./Core/Src/stepper.o
LOAD ./Core/Src/stm32f4xx_hal_msp.o
LOAD ./Core/Src/stm32f4xx_it.o
LOAD ./Core/Src/syscalls.o
LOAD ./Core/Src/sysmem.o
LOAD ./Core/Src/system_stm32f4xx.o
LOAD ./Core/Src/tim.o
LOAD ./Core/Src/usart.o
LOAD ./Core/Src/vl53l0x_api.o
LOAD ./Core/Src/vl53l0x_api_calibration.o
LOAD ./Core/Src/vl53l0x_api_core.o
LOAD ./Core/Src/vl53l0x_api_ranging.o
LOAD ./Core/Src/vl53l0x_api_strings.o
LOAD ./Core/Src/vl53l0x_platform.o
LOAD ./Core/Src/vl53l0x_platform_log.o
LOAD ./Core/Startup/startup_stm32f446retx.o
LOAD ./Drivers/STM32F4xx_HAL_Driver/Src/stm32f4xx_hal.o
LOAD ./Drivers/STM32F4xx_HAL_Driver/Src/stm32f4xx_hal_cortex.o
LOAD ./Drivers/STM32F4xx_HAL_Driver/Src/stm32f4xx_hal_dma.o
LOAD ./Drivers/STM32F4xx_HAL_Driver/Src/stm32f4xx_hal_dma_ex.o
LOAD ./Drivers/STM32F4xx_HAL_Driver/Src/stm32f4xx_hal_exti.o
LOAD ./Drivers/STM32F4xx_HAL_Driver/Src/stm32f4xx_hal_flash.o
LOAD ./Drivers/STM32F4xx_HAL_Driver/Src/stm32f4xx_hal_flash_ex.o
LOAD ./Drivers/STM32F4xx_HAL_Driver/Src/stm32f4xx_hal_flash_ramfunc.o
LOAD ./Drivers/STM32F4xx_HAL_Driver/Src/stm32f4xx_hal_gpio.o
LOAD ./Drivers/STM32F4xx_HAL_Driver/Src/stm32f4xx_hal_i2c.o
LOAD ./Drivers/STM32F4xx_HAL_Driver/Src/stm32f4xx_hal_i2c_ex.o
LOAD ./Drivers/STM32F4xx_HAL_Driver/Src/stm32f4xx_hal_pwr.o
LOAD ./Drivers/STM32F4xx_HAL_Driver/Src/stm32f4xx_hal_pwr_ex.o
LOAD ./Drivers/STM32F4xx_HAL_Driver/Src/stm32f4xx_hal_rcc.o
LOAD ./Drivers/STM32F4xx_HAL_Driver/Src/stm32f4xx_hal_rcc_ex.o
LOAD ./Drivers/STM32F4xx_HAL_Driver/Src/stm32f4xx_hal_tim.o
LOAD ./Drivers/STM32F4xx_HAL_Driver/Src/stm32f4xx_hal_tim_ex.o
LOAD ./Drivers/STM32F4xx_HAL_Driver/Src/stm32f4xx_hal_uart.o
START GROUP
LOAD C:/ST/STM32CubeIDE_1.15.1/STM32CubeIDE/plugins/com.st.stm32cube.ide.mcu.externaltools.gnu-tools-for-stm32.12.3.rel1.win32_1.0.200.202406191623/tools/bin/../lib/gcc/arm-none-eabi/12.3.1/../../../../arm-none-eabi/lib/thumb/v7e-m+fp/hard\libc_nano.a
LOAD C:/ST/STM32CubeIDE_1.15.1/STM32CubeIDE/plugins/com.st.stm32cube.ide.mcu.externaltools.gnu-tools-for-stm32.12.3.rel1.win32_1.0.200.202406191623/tools/bin/../lib/gcc/arm-none-eabi/12.3.1/../../../../arm-none-eabi/lib/thumb/v7e-m+fp/hard\libm.a
END GROUP
START GROUP
LOAD C:/ST/STM32CubeIDE_1.15.1/STM32CubeIDE/plugins/com.st.stm32cube.ide.mcu.externaltools.gnu-tools-for-stm32.12.3.rel1.win32_1.0.200.202406191623/tools/bin/../lib/gcc/arm-none-eabi/12.3.1/thumb/v7e-m+fp/hard\libgcc.a
LOAD C:/ST/STM32CubeIDE_1.15.1/STM32CubeIDE/plugins/com.st.stm32cube.ide.mcu.externaltools.gnu-tools-for-stm32.12.3.rel1.win32_1.0.200.202406191623/tools/bin/../lib/gcc/arm-none-eabi/12.3.1/../../../../arm-none-eabi/lib/thumb/v7e-m+fp/hard\libc_nano.a
END GROUP
START GROUP
LOAD C:/ST/STM32CubeIDE_1.15.1/STM32CubeIDE/plugins/com.st.stm32cube.ide.mcu.externaltools.gnu-tools-for-stm32.12.3.rel1.win32_1.0.200.202406191623/tools/bin/../lib/gcc/arm-none-eabi/12.3.1/thumb/v7e-m+fp/hard\libgcc.a
LOAD C:/ST/STM32CubeIDE_1.15.1/STM32CubeIDE/plugins/com.st.stm32cube.ide.mcu.externaltools.gnu-tools-for-stm32.12.3.rel1.win32_1.0.200.202406191623/tools/bin/../lib/gcc/arm-none-eabi/12.3.1/../../../../arm-none-eabi/lib/thumb/v7e-m+fp/hard\libc_nano.a
LOAD C:/ST/STM32CubeIDE_1.15.1/STM32CubeIDE/plugins/com.st.stm32cube.ide.mcu.externaltools.gnu-tools-for-stm32.12.3.rel1.win32_1.0.200.202406191623/tools/bin/../lib/gcc/arm-none-eabi/12.3.1/../../../../arm-none-eabi/lib/thumb/v7e-m+fp/hard\libnosys.a
END GROUP
START GROUP
LOAD C:/ST/STM32CubeIDE_1.15.1/STM32CubeIDE/plugins/com.st.stm32cube.ide.mcu.externaltools.gnu-tools-for-stm32.12.3.rel1.win32_1.0.200.202406191623/tools/bin/../lib/gcc/arm-none-eabi/12.3.1/thumb/v7e-m+fp/hard\libgcc.a
LOAD C:/ST/STM32CubeIDE_1.15.1/STM32CubeIDE/plugins/com.st.stm32cube.ide.mcu.externaltools.gnu-tools-for-stm32.12.3.rel1.win32_1.0.200.202406191623/tools/bin/../lib/gcc/arm-none-eabi/12.3.1/../../../../arm-none-eabi/lib/thumb/v7e-m+fp/hard\libc_nano.a
LOAD C:/ST/STM32CubeIDE_1.15.1/STM32CubeIDE/plugins/com.st.stm32cube.ide.mcu.externaltools.gnu-tools-for-stm32.12.3.rel1.win32_1.0.200.202406191623/tools/bin/../lib/gcc/arm-none-eabi/12.3.1/../../../../arm-none-eabi/lib/thumb/v7e-m+fp/hard\libnosys.a
END GROUP
LOAD C:/ST/STM32CubeIDE_1.15.1/STM32CubeIDE/plugins/com.st.stm32cube.ide.mcu.externaltools.gnu-tools-for-stm32.12.3.rel1.win32_1.0.200.202406191623/tools/bin/../lib/gcc/arm-none-eabi/12.3.1/thumb/v7e-m+fp/hard/crtend.o
LOAD C:/ST/STM32CubeIDE_1.15.1/STM32CubeIDE/plugins/com.st.stm32cube.ide.mcu.externaltools.gnu-tools-for-stm32.12.3.rel1.win32_1.0.200.202406191623/tools/bin/../lib/gcc/arm-none-eabi/12.3.1/thumb/v7e-m+fp/hard/crtn.o
                0x20020000                        _estack = (ORIGIN (RAM) + LENGTH (RAM))
                0x00000200                        _Min_Heap_Size = 0x200
                0x00000400                        _Min_Stack_Size = 0x400

.isr_vector     0x08000000      0x1c4
                0x08000000                        . = ALIGN (0x4)
 *(.isr_vector)
 .isr_vector    0x08000000      0x1c4 ./Core/Startup/startup_stm32f446retx.o
                0x08000000                g_pfnVectors
                0x080001c4                        . = ALIGN (0x4)

.text           0x080001d0     0xb708
                0x080001d0                        . = ALIGN (0x4)
 *(.text)
 .text          0x080001d0       0x40 C:/ST/STM32CubeIDE_1.15.1/STM32CubeIDE/plugins/com.st.stm32cube.ide.mcu.externaltools.gnu-tools-for-stm32.12.3.rel1.win32_1.0.200.202406191623/tools/bin/../lib/gcc/arm-none-eabi/12.3.1/thumb/v7e-m+fp/hard/crtbegin.o
 .text          0x08000210       0x10 C:/ST/STM32CubeIDE_1.15.1/STM32CubeIDE/plugins/com.st.stm32cube.ide.mcu.externaltools.gnu-tools-for-stm32.12.3.rel1.win32_1.0.200.202406191623/tools/bin/../lib/gcc/arm-none-eabi/12.3.1/../../../../arm-none-eabi/lib/thumb/v7e-m+fp/hard\libc_nano.a(libc_a-strlen.o)
                0x08000210                strlen
 .text          0x08000220       0xa0 C:/ST/STM32CubeIDE_1.15.1/STM32CubeIDE/plugins/com.st.stm32cube.ide.mcu.externaltools.gnu-tools-for-stm32.12.3.rel1.win32_1.0.200.202406191623/tools/bin/../lib/gcc/arm-none-eabi/12.3.1/../../../../arm-none-eabi/lib/thumb/v7e-m+fp/hard\libc_nano.a(libc_a-memchr.o)
                0x08000220                memchr
 .text          0x080002c0       0x30 C:/ST/STM32CubeIDE_1.15.1/STM32CubeIDE/plugins/com.st.stm32cube.ide.mcu.externaltools.gnu-tools-for-stm32.12.3.rel1.win32_1.0.200.202406191623/tools/bin/../lib/gcc/arm-none-eabi/12.3.1/thumb/v7e-m+fp/hard\libgcc.a(_aeabi_uldivmod.o)
                0x080002c0                __aeabi_uldivmod
 .text          0x080002f0      0x2bc C:/ST/STM32CubeIDE_1.15.1/STM32CubeIDE/plugins/com.st.stm32cube.ide.mcu.externaltools.gnu-tools-for-stm32.12.3.rel1.win32_1.0.200.202406191623/tools/bin/../lib/gcc/arm-none-eabi/12.3.1/thumb/v7e-m+fp/hard\libgcc.a(_udivmoddi4.o)
                0x080002f0                __udivmoddi4
 .text          0x080005ac        0x4 C:/ST/STM32CubeIDE_1.15.1/STM32CubeIDE/plugins/com.st.stm32cube.ide.mcu.externaltools.gnu-tools-for-stm32.12.3.rel1.win32_1.0.200.202406191623/tools/bin/../lib/gcc/arm-none-eabi/12.3.1/thumb/v7e-m+fp/hard\libgcc.a(_dvmd_tls.o)
                0x080005ac                __aeabi_idiv0
                0x080005ac                __aeabi_ldiv0
 *(.text*)
 .text.Command_Init
                0x080005b0       0x34 ./Core/Src/command.o
                0x080005b0                Command_Init
 .text.Command_Parse
                0x080005e4       0x48 ./Core/Src/command.o
                0x080005e4                Command_Parse
 .text.Command_Clear
                0x0800062c       0x38 ./Core/Src/command.o
                0x0800062c                Command_Clear
 .text.Command_Execute
                0x08000664       0x9c ./Core/Src/command.o
                0x08000664                Command_Execute
 .text.Command_G0
                0x08000700       0x84 ./Core/Src/command.o
                0x08000700                Command_G0
 .text.Command_G1
                0x08000784       0x84 ./Core/Src/command.o
                0x08000784                Command_G1
 .text.Command_M203
                0x08000808       0x64 ./Core/Src/command.o
                0x08000808                Command_M203
 .text.Command_M204
                0x0800086c       0x64 ./Core/Src/command.o
                0x0800086c                Command_M204
 .text.Command_M205
                0x080008d0       0x6c ./Core/Src/command.o
                0x080008d0                Command_M205
 .text.MX_GPIO_Init
                0x0800093c      0x148 ./Core/Src/gpio.o
                0x0800093c                MX_GPIO_Init
 .text.MX_I2C1_Init
                0x08000a84       0x5c ./Core/Src/i2c.o
                0x08000a84                MX_I2C1_Init
 .text.HAL_I2C_MspInit
                0x08000ae0       0x90 ./Core/Src/i2c.o
                0x08000ae0                HAL_I2C_MspInit
 .text.VL53L0X_Init
                0x08000b70       0xc0 ./Core/Src/main.o
                0x08000b70                VL53L0X_Init
 .text.main     0x08000c30       0xc4 ./Core/Src/main.o
                0x08000c30                main
 .text.SystemClock_Config
                0x08000cf4       0xdc ./Core/Src/main.o
                0x08000cf4                SystemClock_Config
 .text.HAL_GPIO_EXTI_Callback
                0x08000dd0       0x30 ./Core/Src/main.o
                0x08000dd0                HAL_GPIO_EXTI_Callback
 .text.HAL_UART_RxCpltCallback
                0x08000e00       0x84 ./Core/Src/main.o
                0x08000e00                HAL_UART_RxCpltCallback
 .text.HAL_TIM_PeriodElapsedCallback
                0x08000e84       0x84 ./Core/Src/main.o
                0x08000e84                HAL_TIM_PeriodElapsedCallback
 .text.Error_Handler
                0x08000f08        0xc ./Core/Src/main.o
                0x08000f08                Error_Handler
 .text.Stepper_Init
                0x08000f14       0xdc ./Core/Src/stepper.o
                0x08000f14                Stepper_Init
 .text.Stepper_Enable
                0x08000ff0       0x20 ./Core/Src/stepper.o
                0x08000ff0                Stepper_Enable
 .text.Stepper_Disable
                0x08001010       0x20 ./Core/Src/stepper.o
                0x08001010                Stepper_Disable
 .text.Stepper_Start
                0x08001030       0x34 ./Core/Src/stepper.o
                0x08001030                Stepper_Start
 .text.Stepper_Stop
                0x08001064       0x28 ./Core/Src/stepper.o
                0x08001064                Stepper_Stop
 .text.Stepper_SetDirection
                0x0800108c       0x24 ./Core/Src/stepper.o
                0x0800108c                Stepper_SetDirection
 .text.Stepper_SetMicroStep
                0x080010b0      0x12c ./Core/Src/stepper.o
                0x080010b0                Stepper_SetMicroStep
 .text.Stepper_SetSpeedLimit
                0x080011dc       0x1e ./Core/Src/stepper.o
                0x080011dc                Stepper_SetSpeedLimit
 *fill*         0x080011fa        0x2 
 .text.Stepper_SetSpeed
                0x080011fc       0xb8 ./Core/Src/stepper.o
                0x080011fc                Stepper_SetSpeed
 .text.Stepper_SpeedUp
                0x080012b4       0x2c ./Core/Src/stepper.o
                0x080012b4                Stepper_SpeedUp
 .text.Stepper_SetAcceleration
                0x080012e0       0x1e ./Core/Src/stepper.o
                0x080012e0                Stepper_SetAcceleration
 *fill*         0x080012fe        0x2 
 .text.HAL_MspInit
                0x08001300       0x50 ./Core/Src/stm32f4xx_hal_msp.o
                0x08001300                HAL_MspInit
 .text.NMI_Handler
                0x08001350        0x8 ./Core/Src/stm32f4xx_it.o
                0x08001350                NMI_Handler
 .text.HardFault_Handler
                0x08001358        0x8 ./Core/Src/stm32f4xx_it.o
                0x08001358                HardFault_Handler
 .text.MemManage_Handler
                0x08001360        0x8 ./Core/Src/stm32f4xx_it.o
                0x08001360                MemManage_Handler
 .text.BusFault_Handler
                0x08001368        0x8 ./Core/Src/stm32f4xx_it.o
                0x08001368                BusFault_Handler
 .text.UsageFault_Handler
                0x08001370        0x8 ./Core/Src/stm32f4xx_it.o
                0x08001370                UsageFault_Handler
 .text.SVC_Handler
                0x08001378        0xe ./Core/Src/stm32f4xx_it.o
                0x08001378                SVC_Handler
 .text.DebugMon_Handler
                0x08001386        0xe ./Core/Src/stm32f4xx_it.o
                0x08001386                DebugMon_Handler
 .text.PendSV_Handler
                0x08001394        0xe ./Core/Src/stm32f4xx_it.o
                0x08001394                PendSV_Handler
 .text.SysTick_Handler
                0x080013a2        0xc ./Core/Src/stm32f4xx_it.o
                0x080013a2                SysTick_Handler
 *fill*         0x080013ae        0x2 
 .text.TIM3_IRQHandler
                0x080013b0       0x14 ./Core/Src/stm32f4xx_it.o
                0x080013b0                TIM3_IRQHandler
 .text.USART2_IRQHandler
                0x080013c4       0x14 ./Core/Src/stm32f4xx_it.o
                0x080013c4                USART2_IRQHandler
 .text.EXTI15_10_IRQHandler
                0x080013d8       0x10 ./Core/Src/stm32f4xx_it.o
                0x080013d8                EXTI15_10_IRQHandler
 .text.TIM6_DAC_IRQHandler
                0x080013e8       0x14 ./Core/Src/stm32f4xx_it.o
                0x080013e8                TIM6_DAC_IRQHandler
 .text._sbrk    0x080013fc       0x6c ./Core/Src/sysmem.o
                0x080013fc                _sbrk
 .text.SystemInit
                0x08001468       0x24 ./Core/Src/system_stm32f4xx.o
                0x08001468                SystemInit
 .text.MX_TIM2_Init
                0x0800148c       0xf0 ./Core/Src/tim.o
                0x0800148c                MX_TIM2_Init
 .text.MX_TIM3_Init
                0x0800157c       0x9c ./Core/Src/tim.o
                0x0800157c                MX_TIM3_Init
 .text.MX_TIM6_Init
                0x08001618       0x6c ./Core/Src/tim.o
                0x08001618                MX_TIM6_Init
 .text.HAL_TIM_Base_MspInit
                0x08001684       0xb4 ./Core/Src/tim.o
                0x08001684                HAL_TIM_Base_MspInit
 .text.HAL_TIM_MspPostInit
                0x08001738       0x70 ./Core/Src/tim.o
                0x08001738                HAL_TIM_MspPostInit
 .text.MX_USART2_UART_Init
                0x080017a8       0x54 ./Core/Src/usart.o
                0x080017a8                MX_USART2_UART_Init
 .text.HAL_UART_MspInit
                0x080017fc       0xa0 ./Core/Src/usart.o
                0x080017fc                HAL_UART_MspInit
 .text.VL53L0X_SetOffsetCalibrationDataMicroMeter
                0x0800189c       0x26 ./Core/Src/vl53l0x_api.o
                0x0800189c                VL53L0X_SetOffsetCalibrationDataMicroMeter
 .text.VL53L0X_GetOffsetCalibrationDataMicroMeter
                0x080018c2       0x26 ./Core/Src/vl53l0x_api.o
                0x080018c2                VL53L0X_GetOffsetCalibrationDataMicroMeter
 .text.VL53L0X_DataInit
                0x080018e8      0x2c8 ./Core/Src/vl53l0x_api.o
                0x080018e8                VL53L0X_DataInit
 .text.VL53L0X_StaticInit
                0x08001bb0      0x300 ./Core/Src/vl53l0x_api.o
                0x08001bb0                VL53L0X_StaticInit
 .text.VL53L0X_WaitDeviceBooted
                0x08001eb0       0x1c ./Core/Src/vl53l0x_api.o
                0x08001eb0                VL53L0X_WaitDeviceBooted
 .text.VL53L0X_GetDeviceParameters
                0x08001ecc      0x120 ./Core/Src/vl53l0x_api.o
                0x08001ecc                VL53L0X_GetDeviceParameters
 .text.VL53L0X_SetDeviceMode
                0x08001fec       0x58 ./Core/Src/vl53l0x_api.o
                0x08001fec                VL53L0X_SetDeviceMode
 .text.VL53L0X_GetDeviceMode
                0x08002044       0x26 ./Core/Src/vl53l0x_api.o
                0x08002044                VL53L0X_GetDeviceMode
 .text.VL53L0X_GetFractionEnable
                0x0800206a       0x3e ./Core/Src/vl53l0x_api.o
                0x0800206a                VL53L0X_GetFractionEnable
 .text.VL53L0X_SetMeasurementTimingBudgetMicroSeconds
                0x080020a8       0x26 ./Core/Src/vl53l0x_api.o
                0x080020a8                VL53L0X_SetMeasurementTimingBudgetMicroSeconds
 .text.VL53L0X_GetMeasurementTimingBudgetMicroSeconds
                0x080020ce       0x26 ./Core/Src/vl53l0x_api.o
                0x080020ce                VL53L0X_GetMeasurementTimingBudgetMicroSeconds
 .text.VL53L0X_GetVcselPulsePeriod
                0x080020f4       0x2e ./Core/Src/vl53l0x_api.o
                0x080020f4                VL53L0X_GetVcselPulsePeriod
 *fill*         0x08002122        0x2 
 .text.VL53L0X_SetSequenceStepEnable
                0x08002124      0x140 ./Core/Src/vl53l0x_api.o
                0x08002124                VL53L0X_SetSequenceStepEnable
 .text.sequence_step_enabled
                0x08002264       0xa4 ./Core/Src/vl53l0x_api.o
                0x08002264                sequence_step_enabled
 .text.VL53L0X_GetSequenceStepEnable
                0x08002308       0x4c ./Core/Src/vl53l0x_api.o
                0x08002308                VL53L0X_GetSequenceStepEnable
 .text.VL53L0X_GetSequenceStepEnables
                0x08002354       0xb0 ./Core/Src/vl53l0x_api.o
                0x08002354                VL53L0X_GetSequenceStepEnables
 .text.VL53L0X_GetInterMeasurementPeriodMilliSeconds
                0x08002404       0x68 ./Core/Src/vl53l0x_api.o
                0x08002404                VL53L0X_GetInterMeasurementPeriodMilliSeconds
 .text.VL53L0X_GetXTalkCompensationEnable
                0x0800246c       0x2a ./Core/Src/vl53l0x_api.o
                0x0800246c                VL53L0X_GetXTalkCompensationEnable
 .text.VL53L0X_GetXTalkCompensationRateMegaCps
                0x08002496       0x66 ./Core/Src/vl53l0x_api.o
                0x08002496                VL53L0X_GetXTalkCompensationRateMegaCps
 .text.VL53L0X_SetLimitCheckEnable
                0x080024fc      0x118 ./Core/Src/vl53l0x_api.o
                0x080024fc                VL53L0X_SetLimitCheckEnable
 .text.VL53L0X_GetLimitCheckEnable
                0x08002614       0x46 ./Core/Src/vl53l0x_api.o
                0x08002614                VL53L0X_GetLimitCheckEnable
 *fill*         0x0800265a        0x2 
 .text.VL53L0X_SetLimitCheckValue
                0x0800265c       0xc4 ./Core/Src/vl53l0x_api.o
                0x0800265c                VL53L0X_SetLimitCheckValue
 .text.VL53L0X_GetLimitCheckValue
                0x08002720      0x11c ./Core/Src/vl53l0x_api.o
                0x08002720                VL53L0X_GetLimitCheckValue
 .text.VL53L0X_GetWrapAroundCheckEnable
                0x0800283c       0x64 ./Core/Src/vl53l0x_api.o
                0x0800283c                VL53L0X_GetWrapAroundCheckEnable
 .text.VL53L0X_PerformSingleMeasurement
                0x080028a0       0x68 ./Core/Src/vl53l0x_api.o
                0x080028a0                VL53L0X_PerformSingleMeasurement
 .text.VL53L0X_PerformRefCalibration
                0x08002908       0x2c ./Core/Src/vl53l0x_api.o
                0x08002908                VL53L0X_PerformRefCalibration
 .text.VL53L0X_PerformOffsetCalibration
                0x08002934       0x2a ./Core/Src/vl53l0x_api.o
                0x08002934                VL53L0X_PerformOffsetCalibration
 *fill*         0x0800295e        0x2 
 .text.VL53L0X_CheckAndLoadInterruptSettings
                0x08002960       0xcc ./Core/Src/vl53l0x_api.o
                0x08002960                VL53L0X_CheckAndLoadInterruptSettings
 .text.VL53L0X_StartMeasurement
                0x08002a2c      0x184 ./Core/Src/vl53l0x_api.o
                0x08002a2c                VL53L0X_StartMeasurement
 .text.VL53L0X_GetMeasurementDataReady
                0x08002bb0       0x80 ./Core/Src/vl53l0x_api.o
                0x08002bb0                VL53L0X_GetMeasurementDataReady
 .text.VL53L0X_GetRangingMeasurementData
                0x08002c30      0x238 ./Core/Src/vl53l0x_api.o
                0x08002c30                VL53L0X_GetRangingMeasurementData
 .text.VL53L0X_PerformSingleRangingMeasurement
                0x08002e68       0x60 ./Core/Src/vl53l0x_api.o
                0x08002e68                VL53L0X_PerformSingleRangingMeasurement
 .text.VL53L0X_SetGpioConfig
                0x08002ec8      0x244 ./Core/Src/vl53l0x_api.o
                0x08002ec8                VL53L0X_SetGpioConfig
 .text.VL53L0X_GetInterruptThresholds
                0x0800310c       0x68 ./Core/Src/vl53l0x_api.o
                0x0800310c                VL53L0X_GetInterruptThresholds
 .text.VL53L0X_ClearInterruptMask
                0x08003174       0x80 ./Core/Src/vl53l0x_api.o
                0x08003174                VL53L0X_ClearInterruptMask
 .text.VL53L0X_GetInterruptMaskStatus
                0x080031f4       0x44 ./Core/Src/vl53l0x_api.o
                0x080031f4                VL53L0X_GetInterruptMaskStatus
 .text.VL53L0X_PerformRefSpadManagement
                0x08003238       0x2a ./Core/Src/vl53l0x_api.o
                0x08003238                VL53L0X_PerformRefSpadManagement
 .text.VL53L0X_perform_offset_calibration
                0x08003262      0x180 ./Core/Src/vl53l0x_api_calibration.o
                0x08003262                VL53L0X_perform_offset_calibration
 *fill*         0x080033e2        0x2 
 .text.VL53L0X_set_offset_calibration_data_micro_meter
                0x080033e4       0x90 ./Core/Src/vl53l0x_api_calibration.o
                0x080033e4                VL53L0X_set_offset_calibration_data_micro_meter
 .text.VL53L0X_get_offset_calibration_data_micro_meter
                0x08003474       0x7e ./Core/Src/vl53l0x_api_calibration.o
                0x08003474                VL53L0X_get_offset_calibration_data_micro_meter
 .text.get_next_good_spad
                0x080034f2       0xbc ./Core/Src/vl53l0x_api_calibration.o
                0x080034f2                get_next_good_spad
 *fill*         0x080035ae        0x2 
 .text.is_aperture
                0x080035b0       0x34 ./Core/Src/vl53l0x_api_calibration.o
                0x080035b0                is_aperture
 .text.enable_spad_bit
                0x080035e4       0x70 ./Core/Src/vl53l0x_api_calibration.o
                0x080035e4                enable_spad_bit
 .text.set_ref_spad_map
                0x08003654       0x26 ./Core/Src/vl53l0x_api_calibration.o
                0x08003654                set_ref_spad_map
 .text.get_ref_spad_map
                0x0800367a       0x26 ./Core/Src/vl53l0x_api_calibration.o
                0x0800367a                get_ref_spad_map
 .text.enable_ref_spads
                0x080036a0       0xf8 ./Core/Src/vl53l0x_api_calibration.o
                0x080036a0                enable_ref_spads
 .text.perform_ref_signal_measurement
                0x08003798       0xd4 ./Core/Src/vl53l0x_api_calibration.o
                0x08003798                perform_ref_signal_measurement
 .text.VL53L0X_perform_ref_spad_management
                0x0800386c      0x418 ./Core/Src/vl53l0x_api_calibration.o
                0x0800386c                VL53L0X_perform_ref_spad_management
 .text.VL53L0X_set_reference_spads
                0x08003c84      0x14a ./Core/Src/vl53l0x_api_calibration.o
                0x08003c84                VL53L0X_set_reference_spads
 .text.VL53L0X_perform_single_ref_calibration
                0x08003dce       0x76 ./Core/Src/vl53l0x_api_calibration.o
                0x08003dce                VL53L0X_perform_single_ref_calibration
 .text.VL53L0X_ref_calibration_io
                0x08003e44      0x132 ./Core/Src/vl53l0x_api_calibration.o
                0x08003e44                VL53L0X_ref_calibration_io
 .text.VL53L0X_perform_vhv_calibration
                0x08003f76       0xce ./Core/Src/vl53l0x_api_calibration.o
                0x08003f76                VL53L0X_perform_vhv_calibration
 .text.VL53L0X_perform_phase_calibration
                0x08004044       0xca ./Core/Src/vl53l0x_api_calibration.o
                0x08004044                VL53L0X_perform_phase_calibration
 .text.VL53L0X_perform_ref_calibration
                0x0800410e       0x7a ./Core/Src/vl53l0x_api_calibration.o
                0x0800410e                VL53L0X_perform_ref_calibration
 .text.VL53L0X_measurement_poll_for_completion
                0x08004188       0x60 ./Core/Src/vl53l0x_api_core.o
                0x08004188                VL53L0X_measurement_poll_for_completion
 .text.VL53L0X_decode_vcsel_period
                0x080041e8       0x26 ./Core/Src/vl53l0x_api_core.o
                0x080041e8                VL53L0X_decode_vcsel_period
 .text.VL53L0X_isqrt
                0x0800420e       0x68 ./Core/Src/vl53l0x_api_core.o
                0x0800420e                VL53L0X_isqrt
 .text.VL53L0X_device_read_strobe
                0x08004276       0x86 ./Core/Src/vl53l0x_api_core.o
                0x08004276                VL53L0X_device_read_strobe
 .text.VL53L0X_get_info_from_device
                0x080042fc      0x99a ./Core/Src/vl53l0x_api_core.o
                0x080042fc                VL53L0X_get_info_from_device
 .text.VL53L0X_calc_macro_period_ps
                0x08004c96       0x3c ./Core/Src/vl53l0x_api_core.o
                0x08004c96                VL53L0X_calc_macro_period_ps
 .text.VL53L0X_encode_timeout
                0x08004cd2       0x54 ./Core/Src/vl53l0x_api_core.o
                0x08004cd2                VL53L0X_encode_timeout
 .text.VL53L0X_decode_timeout
                0x08004d26       0x2c ./Core/Src/vl53l0x_api_core.o
                0x08004d26                VL53L0X_decode_timeout
 *fill*         0x08004d52        0x2 
 .text.VL53L0X_calc_timeout_mclks
                0x08004d54       0x54 ./Core/Src/vl53l0x_api_core.o
                0x08004d54                VL53L0X_calc_timeout_mclks
 .text.VL53L0X_calc_timeout_us
                0x08004da8       0x54 ./Core/Src/vl53l0x_api_core.o
                0x08004da8                VL53L0X_calc_timeout_us
 .text.get_sequence_step_timeout
                0x08004dfc      0x1c0 ./Core/Src/vl53l0x_api_core.o
                0x08004dfc                get_sequence_step_timeout
 .text.set_sequence_step_timeout
                0x08004fbc      0x1e4 ./Core/Src/vl53l0x_api_core.o
                0x08004fbc                set_sequence_step_timeout
 .text.VL53L0X_get_vcsel_pulse_period
                0x080051a0       0x6e ./Core/Src/vl53l0x_api_core.o
                0x080051a0                VL53L0X_get_vcsel_pulse_period
 .text.VL53L0X_set_measurement_timing_budget_micro_seconds
                0x0800520e      0x1c0 ./Core/Src/vl53l0x_api_core.o
                0x0800520e                VL53L0X_set_measurement_timing_budget_micro_seconds
 .text.VL53L0X_get_measurement_timing_budget_micro_seconds
                0x080053ce      0x162 ./Core/Src/vl53l0x_api_core.o
                0x080053ce                VL53L0X_get_measurement_timing_budget_micro_seconds
 .text.VL53L0X_load_tuning_settings
                0x08005530      0x1c4 ./Core/Src/vl53l0x_api_core.o
                0x08005530                VL53L0X_load_tuning_settings
 .text.VL53L0X_get_total_xtalk_rate
                0x080056f4       0x5e ./Core/Src/vl53l0x_api_core.o
                0x080056f4                VL53L0X_get_total_xtalk_rate
 .text.VL53L0X_get_total_signal_rate
                0x08005752       0x4a ./Core/Src/vl53l0x_api_core.o
                0x08005752                VL53L0X_get_total_signal_rate
 .text.VL53L0X_calc_dmax
                0x0800579c      0x238 ./Core/Src/vl53l0x_api_core.o
                0x0800579c                VL53L0X_calc_dmax
 .text.VL53L0X_calc_sigma_estimate
                0x080059d4      0x498 ./Core/Src/vl53l0x_api_core.o
                0x080059d4                VL53L0X_calc_sigma_estimate
 .text.VL53L0X_get_pal_range_status
                0x08005e6c      0x3b6 ./Core/Src/vl53l0x_api_core.o
                0x08005e6c                VL53L0X_get_pal_range_status
 .text._I2CWrite
                0x08006222       0x3e ./Core/Src/vl53l0x_platform.o
                0x08006222                _I2CWrite
 .text._I2CRead
                0x08006260       0x44 ./Core/Src/vl53l0x_platform.o
                0x08006260                _I2CRead
 .text.VL53L0X_WriteMulti
                0x080062a4       0x60 ./Core/Src/vl53l0x_platform.o
                0x080062a4                VL53L0X_WriteMulti
 .text.VL53L0X_ReadMulti
                0x08006304       0x56 ./Core/Src/vl53l0x_platform.o
                0x08006304                VL53L0X_ReadMulti
 *fill*         0x0800635a        0x2 
 .text.VL53L0X_WrByte
                0x0800635c       0x48 ./Core/Src/vl53l0x_platform.o
                0x0800635c                VL53L0X_WrByte
 .text.VL53L0X_WrWord
                0x080063a4       0x54 ./Core/Src/vl53l0x_platform.o
                0x080063a4                VL53L0X_WrWord
 .text.VL53L0X_UpdateByte
                0x080063f8       0x68 ./Core/Src/vl53l0x_platform.o
                0x080063f8                VL53L0X_UpdateByte
 .text.VL53L0X_RdByte
                0x08006460       0x54 ./Core/Src/vl53l0x_platform.o
                0x08006460                VL53L0X_RdByte
 .text.VL53L0X_RdWord
                0x080064b4       0x6c ./Core/Src/vl53l0x_platform.o
                0x080064b4                VL53L0X_RdWord
 .text.VL53L0X_RdDWord
                0x08006520       0x78 ./Core/Src/vl53l0x_platform.o
                0x08006520                VL53L0X_RdDWord
 .text.VL53L0X_PollingDelay
                0x08006598       0x1e ./Core/Src/vl53l0x_platform.o
                0x08006598                VL53L0X_PollingDelay
 *fill*         0x080065b6        0x2 
 .text.Reset_Handler
                0x080065b8       0x50 ./Core/Startup/startup_stm32f446retx.o
                0x080065b8                Reset_Handler
 .text.Default_Handler
                0x08006608        0x2 ./Core/Startup/startup_stm32f446retx.o
                0x08006608                RTC_Alarm_IRQHandler
                0x08006608                EXTI2_IRQHandler
                0x08006608                TIM8_CC_IRQHandler
                0x08006608                FMPI2C1_EV_IRQHandler
                0x08006608                SPI4_IRQHandler
                0x08006608                TIM1_CC_IRQHandler
                0x08006608                DMA2_Stream5_IRQHandler
                0x08006608                DMA1_Stream5_IRQHandler
                0x08006608                PVD_IRQHandler
                0x08006608                SDIO_IRQHandler
                0x08006608                TAMP_STAMP_IRQHandler
                0x08006608                CAN2_RX1_IRQHandler
                0x08006608                EXTI3_IRQHandler
                0x08006608                TIM8_TRG_COM_TIM14_IRQHandler
                0x08006608                TIM1_UP_TIM10_IRQHandler
                0x08006608                TIM8_UP_TIM13_IRQHandler
                0x08006608                I2C3_ER_IRQHandler
                0x08006608                EXTI0_IRQHandler
                0x08006608                I2C2_EV_IRQHandler
                0x08006608                DMA1_Stream2_IRQHandler
                0x08006608                CAN1_RX0_IRQHandler
                0x08006608                FPU_IRQHandler
                0x08006608                OTG_HS_WKUP_IRQHandler
                0x08006608                CAN2_SCE_IRQHandler
                0x08006608                DMA2_Stream2_IRQHandler
                0x08006608                SPI1_IRQHandler
                0x08006608                TIM1_BRK_TIM9_IRQHandler
                0x08006608                DCMI_IRQHandler
                0x08006608                CAN2_RX0_IRQHandler
                0x08006608                DMA2_Stream3_IRQHandler
                0x08006608                SAI2_IRQHandler
                0x08006608                USART6_IRQHandler
                0x08006608                USART3_IRQHandler
                0x08006608                CAN1_RX1_IRQHandler
                0x08006608                UART5_IRQHandler
                0x08006608                DMA2_Stream0_IRQHandler
                0x08006608                TIM4_IRQHandler
                0x08006608                QUADSPI_IRQHandler
                0x08006608                I2C1_EV_IRQHandler
                0x08006608                DMA1_Stream6_IRQHandler
                0x08006608                DMA1_Stream1_IRQHandler
                0x08006608                UART4_IRQHandler
                0x08006608                RCC_IRQHandler
                0x08006608                TIM8_BRK_TIM12_IRQHandler
                0x08006608                Default_Handler
                0x08006608                CEC_IRQHandler
                0x08006608                ADC_IRQHandler
                0x08006608                DMA1_Stream7_IRQHandler
                0x08006608                TIM7_IRQHandler
                0x08006608                CAN2_TX_IRQHandler
                0x08006608                TIM5_IRQHandler
                0x08006608                DMA2_Stream7_IRQHandler
                0x08006608                I2C3_EV_IRQHandler
                0x08006608                EXTI9_5_IRQHandler
                0x08006608                RTC_WKUP_IRQHandler
                0x08006608                SPDIF_RX_IRQHandler
                0x08006608                SPI2_IRQHandler
                0x08006608                OTG_HS_EP1_IN_IRQHandler
                0x08006608                DMA1_Stream0_IRQHandler
                0x08006608                CAN1_TX_IRQHandler
                0x08006608                FMPI2C1_ER_IRQHandler
                0x08006608                EXTI4_IRQHandler
                0x08006608                OTG_HS_EP1_OUT_IRQHandler
                0x08006608                WWDG_IRQHandler
                0x08006608                TIM2_IRQHandler
                0x08006608                OTG_FS_WKUP_IRQHandler
                0x08006608                TIM1_TRG_COM_TIM11_IRQHandler
                0x08006608                OTG_HS_IRQHandler
                0x08006608                EXTI1_IRQHandler
                0x08006608                I2C2_ER_IRQHandler
                0x08006608                DMA2_Stream1_IRQHandler
                0x08006608                CAN1_SCE_IRQHandler
                0x08006608                FLASH_IRQHandler
                0x08006608                DMA2_Stream4_IRQHandler
                0x08006608                USART1_IRQHandler
                0x08006608                OTG_FS_IRQHandler
                0x08006608                SPI3_IRQHandler
                0x08006608                DMA1_Stream4_IRQHandler
                0x08006608                I2C1_ER_IRQHandler
                0x08006608                FMC_IRQHandler
                0x08006608                DMA2_Stream6_IRQHandler
                0x08006608                SAI1_IRQHandler
                0x08006608                DMA1_Stream3_IRQHandler
 *fill*         0x0800660a        0x2 
 .text.HAL_Init
                0x0800660c       0x44 ./Drivers/STM32F4xx_HAL_Driver/Src/stm32f4xx_hal.o
                0x0800660c                HAL_Init
 .text.HAL_InitTick
                0x08006650       0x60 ./Drivers/STM32F4xx_HAL_Driver/Src/stm32f4xx_hal.o
                0x08006650                HAL_InitTick
 .text.HAL_IncTick
                0x080066b0       0x28 ./Drivers/STM32F4xx_HAL_Driver/Src/stm32f4xx_hal.o
                0x080066b0                HAL_IncTick
 .text.HAL_GetTick
                0x080066d8       0x18 ./Drivers/STM32F4xx_HAL_Driver/Src/stm32f4xx_hal.o
                0x080066d8                HAL_GetTick
 .text.HAL_Delay
                0x080066f0       0x48 ./Drivers/STM32F4xx_HAL_Driver/Src/stm32f4xx_hal.o
                0x080066f0                HAL_Delay
 .text.__NVIC_SetPriorityGrouping
                0x08006738       0x48 ./Drivers/STM32F4xx_HAL_Driver/Src/stm32f4xx_hal_cortex.o
 .text.__NVIC_GetPriorityGrouping
                0x08006780       0x1c ./Drivers/STM32F4xx_HAL_Driver/Src/stm32f4xx_hal_cortex.o
 .text.__NVIC_EnableIRQ
                0x0800679c       0x3c ./Drivers/STM32F4xx_HAL_Driver/Src/stm32f4xx_hal_cortex.o
 .text.__NVIC_SetPriority
                0x080067d8       0x54 ./Drivers/STM32F4xx_HAL_Driver/Src/stm32f4xx_hal_cortex.o
 .text.NVIC_EncodePriority
                0x0800682c       0x66 ./Drivers/STM32F4xx_HAL_Driver/Src/stm32f4xx_hal_cortex.o
 *fill*         0x08006892        0x2 
 .text.SysTick_Config
                0x08006894       0x44 ./Drivers/STM32F4xx_HAL_Driver/Src/stm32f4xx_hal_cortex.o
 .text.HAL_NVIC_SetPriorityGrouping
                0x080068d8       0x16 ./Drivers/STM32F4xx_HAL_Driver/Src/stm32f4xx_hal_cortex.o
                0x080068d8                HAL_NVIC_SetPriorityGrouping
 .text.HAL_NVIC_SetPriority
                0x080068ee       0x38 ./Drivers/STM32F4xx_HAL_Driver/Src/stm32f4xx_hal_cortex.o
                0x080068ee                HAL_NVIC_SetPriority
 .text.HAL_NVIC_EnableIRQ
                0x08006926       0x1c ./Drivers/STM32F4xx_HAL_Driver/Src/stm32f4xx_hal_cortex.o
                0x08006926                HAL_NVIC_EnableIRQ
 .text.HAL_SYSTICK_Config
                0x08006942       0x18 ./Drivers/STM32F4xx_HAL_Driver/Src/stm32f4xx_hal_cortex.o
                0x08006942                HAL_SYSTICK_Config
 .text.HAL_DMA_Abort
                0x0800695a       0xe0 ./Drivers/STM32F4xx_HAL_Driver/Src/stm32f4xx_hal_dma.o
                0x0800695a                HAL_DMA_Abort
 .text.HAL_DMA_Abort_IT
                0x08006a3a       0x44 ./Drivers/STM32F4xx_HAL_Driver/Src/stm32f4xx_hal_dma.o
                0x08006a3a                HAL_DMA_Abort_IT
 *fill*         0x08006a7e        0x2 
 .text.HAL_GPIO_Init
                0x08006a80      0x328 ./Drivers/STM32F4xx_HAL_Driver/Src/stm32f4xx_hal_gpio.o
                0x08006a80                HAL_GPIO_Init
 .text.HAL_GPIO_WritePin
                0x08006da8       0x32 ./Drivers/STM32F4xx_HAL_Driver/Src/stm32f4xx_hal_gpio.o
                0x08006da8                HAL_GPIO_WritePin
 *fill*         0x08006dda        0x2 
 .text.HAL_GPIO_EXTI_IRQHandler
                0x08006ddc       0x30 ./Drivers/STM32F4xx_HAL_Driver/Src/stm32f4xx_hal_gpio.o
                0x08006ddc                HAL_GPIO_EXTI_IRQHandler
 .text.HAL_I2C_Init
                0x08006e0c      0x288 ./Drivers/STM32F4xx_HAL_Driver/Src/stm32f4xx_hal_i2c.o
                0x08006e0c                HAL_I2C_Init
 .text.HAL_I2C_Master_Transmit
                0x08007094      0x1fc ./Drivers/STM32F4xx_HAL_Driver/Src/stm32f4xx_hal_i2c.o
                0x08007094                HAL_I2C_Master_Transmit
 .text.HAL_I2C_Master_Receive
                0x08007290      0x464 ./Drivers/STM32F4xx_HAL_Driver/Src/stm32f4xx_hal_i2c.o
                0x08007290                HAL_I2C_Master_Receive
 .text.I2C_MasterRequestWrite
                0x080076f4      0x104 ./Drivers/STM32F4xx_HAL_Driver/Src/stm32f4xx_hal_i2c.o
 .text.I2C_MasterRequestRead
                0x080077f8      0x19c ./Drivers/STM32F4xx_HAL_Driver/Src/stm32f4xx_hal_i2c.o
 .text.I2C_WaitOnFlagUntilTimeout
                0x08007994       0xf4 ./Drivers/STM32F4xx_HAL_Driver/Src/stm32f4xx_hal_i2c.o
 .text.I2C_WaitOnMasterAddressFlagUntilTimeout
                0x08007a88      0x140 ./Drivers/STM32F4xx_HAL_Driver/Src/stm32f4xx_hal_i2c.o
 .text.I2C_WaitOnTXEFlagUntilTimeout
                0x08007bc8       0x90 ./Drivers/STM32F4xx_HAL_Driver/Src/stm32f4xx_hal_i2c.o
 .text.I2C_WaitOnBTFFlagUntilTimeout
                0x08007c58       0x90 ./Drivers/STM32F4xx_HAL_Driver/Src/stm32f4xx_hal_i2c.o
 .text.I2C_WaitOnRXNEFlagUntilTimeout
                0x08007ce8       0xba ./Drivers/STM32F4xx_HAL_Driver/Src/stm32f4xx_hal_i2c.o
 .text.I2C_IsAcknowledgeFailed
                0x08007da2       0x5e ./Drivers/STM32F4xx_HAL_Driver/Src/stm32f4xx_hal_i2c.o
 .text.HAL_RCC_ClockConfig
                0x08007e00      0x1cc ./Drivers/STM32F4xx_HAL_Driver/Src/stm32f4xx_hal_rcc.o
                0x08007e00                HAL_RCC_ClockConfig
 .text.HAL_RCC_GetHCLKFreq
                0x08007fcc       0x18 ./Drivers/STM32F4xx_HAL_Driver/Src/stm32f4xx_hal_rcc.o
                0x08007fcc                HAL_RCC_GetHCLKFreq
 .text.HAL_RCC_GetPCLK1Freq
                0x08007fe4       0x28 ./Drivers/STM32F4xx_HAL_Driver/Src/stm32f4xx_hal_rcc.o
                0x08007fe4                HAL_RCC_GetPCLK1Freq
 .text.HAL_RCC_GetPCLK2Freq
                0x0800800c       0x28 ./Drivers/STM32F4xx_HAL_Driver/Src/stm32f4xx_hal_rcc.o
                0x0800800c                HAL_RCC_GetPCLK2Freq
 .text.HAL_RCC_GetSysClockFreq
                0x08008034      0x460 ./Drivers/STM32F4xx_HAL_Driver/Src/stm32f4xx_hal_rcc_ex.o
                0x08008034                HAL_RCC_GetSysClockFreq
 .text.HAL_RCC_OscConfig
                0x08008494      0x53c ./Drivers/STM32F4xx_HAL_Driver/Src/stm32f4xx_hal_rcc_ex.o
                0x08008494                HAL_RCC_OscConfig
 .text.HAL_TIM_Base_Init
                0x080089d0       0x9e ./Drivers/STM32F4xx_HAL_Driver/Src/stm32f4xx_hal_tim.o
                0x080089d0                HAL_TIM_Base_Init
 *fill*         0x08008a6e        0x2 
 .text.HAL_TIM_Base_Start_IT
                0x08008a70       0xe0 ./Drivers/STM32F4xx_HAL_Driver/Src/stm32f4xx_hal_tim.o
                0x08008a70                HAL_TIM_Base_Start_IT
 .text.HAL_TIM_Base_Stop_IT
                0x08008b50       0x5e ./Drivers/STM32F4xx_HAL_Driver/Src/stm32f4xx_hal_tim.o
                0x08008b50                HAL_TIM_Base_Stop_IT
 .text.HAL_TIM_PWM_Init
                0x08008bae       0x9e ./Drivers/STM32F4xx_HAL_Driver/Src/stm32f4xx_hal_tim.o
                0x08008bae                HAL_TIM_PWM_Init
 .text.HAL_TIM_PWM_MspInit
                0x08008c4c       0x14 ./Drivers/STM32F4xx_HAL_Driver/Src/stm32f4xx_hal_tim.o
                0x08008c4c                HAL_TIM_PWM_MspInit
 .text.HAL_TIM_PWM_Start
                0x08008c60      0x190 ./Drivers/STM32F4xx_HAL_Driver/Src/stm32f4xx_hal_tim.o
                0x08008c60                HAL_TIM_PWM_Start
 .text.HAL_TIM_PWM_Stop
                0x08008df0       0xe0 ./Drivers/STM32F4xx_HAL_Driver/Src/stm32f4xx_hal_tim.o
                0x08008df0                HAL_TIM_PWM_Stop
 .text.HAL_TIM_IRQHandler
                0x08008ed0      0x1e0 ./Drivers/STM32F4xx_HAL_Driver/Src/stm32f4xx_hal_tim.o
                0x08008ed0                HAL_TIM_IRQHandler
 .text.HAL_TIM_PWM_ConfigChannel
                0x080090b0      0x184 ./Drivers/STM32F4xx_HAL_Driver/Src/stm32f4xx_hal_tim.o
                0x080090b0                HAL_TIM_PWM_ConfigChannel
 .text.HAL_TIM_ConfigClockSource
                0x08009234      0x18e ./Drivers/STM32F4xx_HAL_Driver/Src/stm32f4xx_hal_tim.o
                0x08009234                HAL_TIM_ConfigClockSource
 .text.HAL_TIM_SlaveConfigSynchro
                0x080093c2       0x84 ./Drivers/STM32F4xx_HAL_Driver/Src/stm32f4xx_hal_tim.o
                0x080093c2                HAL_TIM_SlaveConfigSynchro
 .text.HAL_TIM_OC_DelayElapsedCallback
                0x08009446       0x14 ./Drivers/STM32F4xx_HAL_Driver/Src/stm32f4xx_hal_tim.o
                0x08009446                HAL_TIM_OC_DelayElapsedCallback
 .text.HAL_TIM_IC_CaptureCallback
                0x0800945a       0x14 ./Drivers/STM32F4xx_HAL_Driver/Src/stm32f4xx_hal_tim.o
                0x0800945a                HAL_TIM_IC_CaptureCallback
 .text.HAL_TIM_PWM_PulseFinishedCallback
                0x0800946e       0x14 ./Drivers/STM32F4xx_HAL_Driver/Src/stm32f4xx_hal_tim.o
                0x0800946e                HAL_TIM_PWM_PulseFinishedCallback
 .text.HAL_TIM_TriggerCallback
                0x08009482       0x14 ./Drivers/STM32F4xx_HAL_Driver/Src/stm32f4xx_hal_tim.o
                0x08009482                HAL_TIM_TriggerCallback
 *fill*         0x08009496        0x2 
 .text.TIM_Base_SetConfig
                0x08009498      0x158 ./Drivers/STM32F4xx_HAL_Driver/Src/stm32f4xx_hal_tim.o
                0x08009498                TIM_Base_SetConfig
 .text.TIM_OC1_SetConfig
                0x080095f0       0xe0 ./Drivers/STM32F4xx_HAL_Driver/Src/stm32f4xx_hal_tim.o
 .text.TIM_OC2_SetConfig
                0x080096d0       0xec ./Drivers/STM32F4xx_HAL_Driver/Src/stm32f4xx_hal_tim.o
                0x080096d0                TIM_OC2_SetConfig
 .text.TIM_OC3_SetConfig
                0x080097bc       0xe8 ./Drivers/STM32F4xx_HAL_Driver/Src/stm32f4xx_hal_tim.o
 .text.TIM_OC4_SetConfig
                0x080098a4       0xac ./Drivers/STM32F4xx_HAL_Driver/Src/stm32f4xx_hal_tim.o
 .text.TIM_SlaveTimer_SetConfig
                0x08009950      0x122 ./Drivers/STM32F4xx_HAL_Driver/Src/stm32f4xx_hal_tim.o
 .text.TIM_TI1_ConfigInputStage
                0x08009a72       0x5e ./Drivers/STM32F4xx_HAL_Driver/Src/stm32f4xx_hal_tim.o
 .text.TIM_TI2_ConfigInputStage
                0x08009ad0       0x60 ./Drivers/STM32F4xx_HAL_Driver/Src/stm32f4xx_hal_tim.o
 .text.TIM_ITRx_SetConfig
                0x08009b30       0x36 ./Drivers/STM32F4xx_HAL_Driver/Src/stm32f4xx_hal_tim.o
 .text.TIM_ETR_SetConfig
                0x08009b66       0x40 ./Drivers/STM32F4xx_HAL_Driver/Src/stm32f4xx_hal_tim.o
                0x08009b66                TIM_ETR_SetConfig
 .text.TIM_CCxChannelCmd
                0x08009ba6       0x4a ./Drivers/STM32F4xx_HAL_Driver/Src/stm32f4xx_hal_tim.o
                0x08009ba6                TIM_CCxChannelCmd
 .text.HAL_TIMEx_MasterConfigSynchronization
                0x08009bf0       0xf8 ./Drivers/STM32F4xx_HAL_Driver/Src/stm32f4xx_hal_tim_ex.o
                0x08009bf0                HAL_TIMEx_MasterConfigSynchronization
 .text.HAL_TIMEx_CommutCallback
                0x08009ce8       0x14 ./Drivers/STM32F4xx_HAL_Driver/Src/stm32f4xx_hal_tim_ex.o
                0x08009ce8                HAL_TIMEx_CommutCallback
 .text.HAL_TIMEx_BreakCallback
                0x08009cfc       0x14 ./Drivers/STM32F4xx_HAL_Driver/Src/stm32f4xx_hal_tim_ex.o
                0x08009cfc                HAL_TIMEx_BreakCallback
 .text.HAL_UART_Init
                0x08009d10       0xa0 ./Drivers/STM32F4xx_HAL_Driver/Src/stm32f4xx_hal_uart.o
                0x08009d10                HAL_UART_Init
 .text.HAL_UART_Transmit_IT
                0x08009db0       0x6c ./Drivers/STM32F4xx_HAL_Driver/Src/stm32f4xx_hal_uart.o
                0x08009db0                HAL_UART_Transmit_IT
 .text.HAL_UART_Receive_IT
                0x08009e1c       0x4a ./Drivers/STM32F4xx_HAL_Driver/Src/stm32f4xx_hal_uart.o
                0x08009e1c                HAL_UART_Receive_IT
 *fill*         0x08009e66        0x2 
 .text.HAL_UART_IRQHandler
                0x08009e68      0x524 ./Drivers/STM32F4xx_HAL_Driver/Src/stm32f4xx_hal_uart.o
                0x08009e68                HAL_UART_IRQHandler
 .text.HAL_UART_TxCpltCallback
                0x0800a38c       0x14 ./Drivers/STM32F4xx_HAL_Driver/Src/stm32f4xx_hal_uart.o
                0x0800a38c                HAL_UART_TxCpltCallback
 .text.HAL_UART_ErrorCallback
                0x0800a3a0       0x14 ./Drivers/STM32F4xx_HAL_Driver/Src/stm32f4xx_hal_uart.o
                0x0800a3a0                HAL_UART_ErrorCallback
 .text.HAL_UARTEx_RxEventCallback
                0x0800a3b4       0x18 ./Drivers/STM32F4xx_HAL_Driver/Src/stm32f4xx_hal_uart.o
                0x0800a3b4                HAL_UARTEx_RxEventCallback
 .text.UART_Start_Receive_IT
                0x0800a3cc       0x74 ./Drivers/STM32F4xx_HAL_Driver/Src/stm32f4xx_hal_uart.o
                0x0800a3cc                UART_Start_Receive_IT
 .text.UART_EndRxTransfer
                0x0800a440       0xc6 ./Drivers/STM32F4xx_HAL_Driver/Src/stm32f4xx_hal_uart.o
 .text.UART_DMAAbortOnError
                0x0800a506       0x28 ./Drivers/STM32F4xx_HAL_Driver/Src/stm32f4xx_hal_uart.o
 .text.UART_Transmit_IT
                0x0800a52e       0xa0 ./Drivers/STM32F4xx_HAL_Driver/Src/stm32f4xx_hal_uart.o
 .text.UART_EndTransmit_IT
                0x0800a5ce       0x30 ./Drivers/STM32F4xx_HAL_Driver/Src/stm32f4xx_hal_uart.o
 .text.UART_Receive_IT
                0x0800a5fe      0x17c ./Drivers/STM32F4xx_HAL_Driver/Src/stm32f4xx_hal_uart.o
 *fill*         0x0800a77a        0x2 
 .text.UART_SetConfig
                0x0800a77c      0x4e8 ./Drivers/STM32F4xx_HAL_Driver/Src/stm32f4xx_hal_uart.o
 .text.sscanf   0x0800ac64       0x54 C:/ST/STM32CubeIDE_1.15.1/STM32CubeIDE/plugins/com.st.stm32cube.ide.mcu.externaltools.gnu-tools-for-stm32.12.3.rel1.win32_1.0.200.202406191623/tools/bin/../lib/gcc/arm-none-eabi/12.3.1/../../../../arm-none-eabi/lib/thumb/v7e-m+fp/hard\libc_nano.a(libc_a-sscanf.o)
                0x0800ac64                siscanf
                0x0800ac64                sscanf
 .text.__seofread
                0x0800acb8        0x4 C:/ST/STM32CubeIDE_1.15.1/STM32CubeIDE/plugins/com.st.stm32cube.ide.mcu.externaltools.gnu-tools-for-stm32.12.3.rel1.win32_1.0.200.202406191623/tools/bin/../lib/gcc/arm-none-eabi/12.3.1/../../../../arm-none-eabi/lib/thumb/v7e-m+fp/hard\libc_nano.a(libc_a-stdio.o)
                0x0800acb8                __seofread
 .text.memset   0x0800acbc       0x10 C:/ST/STM32CubeIDE_1.15.1/STM32CubeIDE/plugins/com.st.stm32cube.ide.mcu.externaltools.gnu-tools-for-stm32.12.3.rel1.win32_1.0.200.202406191623/tools/bin/../lib/gcc/arm-none-eabi/12.3.1/../../../../arm-none-eabi/lib/thumb/v7e-m+fp/hard\libc_nano.a(libc_a-memset.o)
                0x0800acbc                memset
 .text.__errno  0x0800accc        0xc C:/ST/STM32CubeIDE_1.15.1/STM32CubeIDE/plugins/com.st.stm32cube.ide.mcu.externaltools.gnu-tools-for-stm32.12.3.rel1.win32_1.0.200.202406191623/tools/bin/../lib/gcc/arm-none-eabi/12.3.1/../../../../arm-none-eabi/lib/thumb/v7e-m+fp/hard\libc_nano.a(libc_a-errno.o)
                0x0800accc                __errno
 .text.__libc_init_array
                0x0800acd8       0x48 C:/ST/STM32CubeIDE_1.15.1/STM32CubeIDE/plugins/com.st.stm32cube.ide.mcu.externaltools.gnu-tools-for-stm32.12.3.rel1.win32_1.0.200.202406191623/tools/bin/../lib/gcc/arm-none-eabi/12.3.1/../../../../arm-none-eabi/lib/thumb/v7e-m+fp/hard\libc_nano.a(libc_a-init.o)
                0x0800acd8                __libc_init_array
 .text.__retarget_lock_acquire_recursive
                0x0800ad20        0x2 C:/ST/STM32CubeIDE_1.15.1/STM32CubeIDE/plugins/com.st.stm32cube.ide.mcu.externaltools.gnu-tools-for-stm32.12.3.rel1.win32_1.0.200.202406191623/tools/bin/../lib/gcc/arm-none-eabi/12.3.1/../../../../arm-none-eabi/lib/thumb/v7e-m+fp/hard\libc_nano.a(libc_a-lock.o)
                0x0800ad20                __retarget_lock_acquire_recursive
 .text.__retarget_lock_release_recursive
                0x0800ad22        0x2 C:/ST/STM32CubeIDE_1.15.1/STM32CubeIDE/plugins/com.st.stm32cube.ide.mcu.externaltools.gnu-tools-for-stm32.12.3.rel1.win32_1.0.200.202406191623/tools/bin/../lib/gcc/arm-none-eabi/12.3.1/../../../../arm-none-eabi/lib/thumb/v7e-m+fp/hard\libc_nano.a(libc_a-lock.o)
                0x0800ad22                __retarget_lock_release_recursive
 .text.strcpy   0x0800ad24       0x10 C:/ST/STM32CubeIDE_1.15.1/STM32CubeIDE/plugins/com.st.stm32cube.ide.mcu.externaltools.gnu-tools-for-stm32.12.3.rel1.win32_1.0.200.202406191623/tools/bin/../lib/gcc/arm-none-eabi/12.3.1/../../../../arm-none-eabi/lib/thumb/v7e-m+fp/hard\libc_nano.a(libc_a-strcpy.o)
                0x0800ad24                strcpy
 .text.memcpy   0x0800ad34       0x1c C:/ST/STM32CubeIDE_1.15.1/STM32CubeIDE/plugins/com.st.stm32cube.ide.mcu.externaltools.gnu-tools-for-stm32.12.3.rel1.win32_1.0.200.202406191623/tools/bin/../lib/gcc/arm-none-eabi/12.3.1/../../../../arm-none-eabi/lib/thumb/v7e-m+fp/hard\libc_nano.a(libc_a-memcpy-stub.o)
                0x0800ad34                memcpy
 .text._free_r  0x0800ad50       0x94 C:/ST/STM32CubeIDE_1.15.1/STM32CubeIDE/plugins/com.st.stm32cube.ide.mcu.externaltools.gnu-tools-for-stm32.12.3.rel1.win32_1.0.200.202406191623/tools/bin/../lib/gcc/arm-none-eabi/12.3.1/../../../../arm-none-eabi/lib/thumb/v7e-m+fp/hard\libc_nano.a(libc_a-freer.o)
                0x0800ad50                _free_r
 .text.sbrk_aligned
                0x0800ade4       0x44 C:/ST/STM32CubeIDE_1.15.1/STM32CubeIDE/plugins/com.st.stm32cube.ide.mcu.externaltools.gnu-tools-for-stm32.12.3.rel1.win32_1.0.200.202406191623/tools/bin/../lib/gcc/arm-none-eabi/12.3.1/../../../../arm-none-eabi/lib/thumb/v7e-m+fp/hard\libc_nano.a(libc_a-mallocr.o)
 .text._malloc_r
                0x0800ae28      0x100 C:/ST/STM32CubeIDE_1.15.1/STM32CubeIDE/plugins/com.st.stm32cube.ide.mcu.externaltools.gnu-tools-for-stm32.12.3.rel1.win32_1.0.200.202406191623/tools/bin/../lib/gcc/arm-none-eabi/12.3.1/../../../../arm-none-eabi/lib/thumb/v7e-m+fp/hard\libc_nano.a(libc_a-mallocr.o)
                0x0800ae28                _malloc_r
 .text.__malloc_lock
                0x0800af28        0xc C:/ST/STM32CubeIDE_1.15.1/STM32CubeIDE/plugins/com.st.stm32cube.ide.mcu.externaltools.gnu-tools-for-stm32.12.3.rel1.win32_1.0.200.202406191623/tools/bin/../lib/gcc/arm-none-eabi/12.3.1/../../../../arm-none-eabi/lib/thumb/v7e-m+fp/hard\libc_nano.a(libc_a-mlock.o)
                0x0800af28                __malloc_lock
 .text.__malloc_unlock
                0x0800af34        0xc C:/ST/STM32CubeIDE_1.15.1/STM32CubeIDE/plugins/com.st.stm32cube.ide.mcu.externaltools.gnu-tools-for-stm32.12.3.rel1.win32_1.0.200.202406191623/tools/bin/../lib/gcc/arm-none-eabi/12.3.1/../../../../arm-none-eabi/lib/thumb/v7e-m+fp/hard\libc_nano.a(libc_a-mlock.o)
                0x0800af34                __malloc_unlock
 .text._sungetc_r
                0x0800af40       0x76 C:/ST/STM32CubeIDE_1.15.1/STM32CubeIDE/plugins/com.st.stm32cube.ide.mcu.externaltools.gnu-tools-for-stm32.12.3.rel1.win32_1.0.200.202406191623/tools/bin/../lib/gcc/arm-none-eabi/12.3.1/../../../../arm-none-eabi/lib/thumb/v7e-m+fp/hard\libc_nano.a(libc_a-nano-svfscanf.o)
                0x0800af40                _sungetc_r
 .text.__ssrefill_r
                0x0800afb6       0x3a C:/ST/STM32CubeIDE_1.15.1/STM32CubeIDE/plugins/com.st.stm32cube.ide.mcu.externaltools.gnu-tools-for-stm32.12.3.rel1.win32_1.0.200.202406191623/tools/bin/../lib/gcc/arm-none-eabi/12.3.1/../../../../arm-none-eabi/lib/thumb/v7e-m+fp/hard\libc_nano.a(libc_a-nano-svfscanf.o)
                0x0800afb6                __ssrefill_r
 .text.__ssvfscanf_r
                0x0800aff0      0x2e8 C:/ST/STM32CubeIDE_1.15.1/STM32CubeIDE/plugins/com.st.stm32cube.ide.mcu.externaltools.gnu-tools-for-stm32.12.3.rel1.win32_1.0.200.202406191623/tools/bin/../lib/gcc/arm-none-eabi/12.3.1/../../../../arm-none-eabi/lib/thumb/v7e-m+fp/hard\libc_nano.a(libc_a-nano-svfscanf.o)
                0x0800aff0                __ssvfiscanf_r
                0x0800aff0                __ssvfscanf_r
 .text._scanf_chars
                0x0800b2d8       0xb4 C:/ST/STM32CubeIDE_1.15.1/STM32CubeIDE/plugins/com.st.stm32cube.ide.mcu.externaltools.gnu-tools-for-stm32.12.3.rel1.win32_1.0.200.202406191623/tools/bin/../lib/gcc/arm-none-eabi/12.3.1/../../../../arm-none-eabi/lib/thumb/v7e-m+fp/hard\libc_nano.a(libc_a-nano-vfscanf_i.o)
                0x0800b2d8                _scanf_chars
 .text._scanf_i
                0x0800b38c      0x1e8 C:/ST/STM32CubeIDE_1.15.1/STM32CubeIDE/plugins/com.st.stm32cube.ide.mcu.externaltools.gnu-tools-for-stm32.12.3.rel1.win32_1.0.200.202406191623/tools/bin/../lib/gcc/arm-none-eabi/12.3.1/../../../../arm-none-eabi/lib/thumb/v7e-m+fp/hard\libc_nano.a(libc_a-nano-vfscanf_i.o)
                0x0800b38c                _scanf_i
 .text.__sccl   0x0800b574       0x72 C:/ST/STM32CubeIDE_1.15.1/STM32CubeIDE/plugins/com.st.stm32cube.ide.mcu.externaltools.gnu-tools-for-stm32.12.3.rel1.win32_1.0.200.202406191623/tools/bin/../lib/gcc/arm-none-eabi/12.3.1/../../../../arm-none-eabi/lib/thumb/v7e-m+fp/hard\libc_nano.a(libc_a-sccl.o)
                0x0800b574                __sccl
 .text.__submore
                0x0800b5e6       0x74 C:/ST/STM32CubeIDE_1.15.1/STM32CubeIDE/plugins/com.st.stm32cube.ide.mcu.externaltools.gnu-tools-for-stm32.12.3.rel1.win32_1.0.200.202406191623/tools/bin/../lib/gcc/arm-none-eabi/12.3.1/../../../../arm-none-eabi/lib/thumb/v7e-m+fp/hard\libc_nano.a(libc_a-ungetc.o)
                0x0800b5e6                __submore
 *fill*         0x0800b65a        0x2 
 .text._sbrk_r  0x0800b65c       0x20 C:/ST/STM32CubeIDE_1.15.1/STM32CubeIDE/plugins/com.st.stm32cube.ide.mcu.externaltools.gnu-tools-for-stm32.12.3.rel1.win32_1.0.200.202406191623/tools/bin/../lib/gcc/arm-none-eabi/12.3.1/../../../../arm-none-eabi/lib/thumb/v7e-m+fp/hard\libc_nano.a(libc_a-sbrkr.o)
                0x0800b65c                _sbrk_r
 .text._realloc_r
                0x0800b67c       0x5c C:/ST/STM32CubeIDE_1.15.1/STM32CubeIDE/plugins/com.st.stm32cube.ide.mcu.externaltools.gnu-tools-for-stm32.12.3.rel1.win32_1.0.200.202406191623/tools/bin/../lib/gcc/arm-none-eabi/12.3.1/../../../../arm-none-eabi/lib/thumb/v7e-m+fp/hard\libc_nano.a(libc_a-reallocr.o)
                0x0800b67c                _realloc_r
 .text._strtol_l.constprop.0
                0x0800b6d8       0xf4 C:/ST/STM32CubeIDE_1.15.1/STM32CubeIDE/plugins/com.st.stm32cube.ide.mcu.externaltools.gnu-tools-for-stm32.12.3.rel1.win32_1.0.200.202406191623/tools/bin/../lib/gcc/arm-none-eabi/12.3.1/../../../../arm-none-eabi/lib/thumb/v7e-m+fp/hard\libc_nano.a(libc_a-strtol.o)
 .text._strtol_r
                0x0800b7cc        0x4 C:/ST/STM32CubeIDE_1.15.1/STM32CubeIDE/plugins/com.st.stm32cube.ide.mcu.externaltools.gnu-tools-for-stm32.12.3.rel1.win32_1.0.200.202406191623/tools/bin/../lib/gcc/arm-none-eabi/12.3.1/../../../../arm-none-eabi/lib/thumb/v7e-m+fp/hard\libc_nano.a(libc_a-strtol.o)
                0x0800b7cc                _strtol_r
 .text._strtoul_l.constprop.0
                0x0800b7d0       0xdc C:/ST/STM32CubeIDE_1.15.1/STM32CubeIDE/plugins/com.st.stm32cube.ide.mcu.externaltools.gnu-tools-for-stm32.12.3.rel1.win32_1.0.200.202406191623/tools/bin/../lib/gcc/arm-none-eabi/12.3.1/../../../../arm-none-eabi/lib/thumb/v7e-m+fp/hard\libc_nano.a(libc_a-strtoul.o)
 .text._strtoul_r
                0x0800b8ac        0x4 C:/ST/STM32CubeIDE_1.15.1/STM32CubeIDE/plugins/com.st.stm32cube.ide.mcu.externaltools.gnu-tools-for-stm32.12.3.rel1.win32_1.0.200.202406191623/tools/bin/../lib/gcc/arm-none-eabi/12.3.1/../../../../arm-none-eabi/lib/thumb/v7e-m+fp/hard\libc_nano.a(libc_a-strtoul.o)
                0x0800b8ac                _strtoul_r
 .text._malloc_usable_size_r
                0x0800b8b0       0x10 C:/ST/STM32CubeIDE_1.15.1/STM32CubeIDE/plugins/com.st.stm32cube.ide.mcu.externaltools.gnu-tools-for-stm32.12.3.rel1.win32_1.0.200.202406191623/tools/bin/../lib/gcc/arm-none-eabi/12.3.1/../../../../arm-none-eabi/lib/thumb/v7e-m+fp/hard\libc_nano.a(libc_a-msizer.o)
                0x0800b8b0                _malloc_usable_size_r
 *(.glue_7)
 .glue_7        0x0800b8c0        0x0 linker stubs
 *(.glue_7t)
 .glue_7t       0x0800b8c0        0x0 linker stubs
 *(.eh_frame)
 .eh_frame      0x0800b8c0        0x0 C:/ST/STM32CubeIDE_1.15.1/STM32CubeIDE/plugins/com.st.stm32cube.ide.mcu.externaltools.gnu-tools-for-stm32.12.3.rel1.win32_1.0.200.202406191623/tools/bin/../lib/gcc/arm-none-eabi/12.3.1/thumb/v7e-m+fp/hard/crtbegin.o
 *(.init)
 .init          0x0800b8c0        0x4 C:/ST/STM32CubeIDE_1.15.1/STM32CubeIDE/plugins/com.st.stm32cube.ide.mcu.externaltools.gnu-tools-for-stm32.12.3.rel1.win32_1.0.200.202406191623/tools/bin/../lib/gcc/arm-none-eabi/12.3.1/thumb/v7e-m+fp/hard/crti.o
                0x0800b8c0                _init
 .init          0x0800b8c4        0x8 C:/ST/STM32CubeIDE_1.15.1/STM32CubeIDE/plugins/com.st.stm32cube.ide.mcu.externaltools.gnu-tools-for-stm32.12.3.rel1.win32_1.0.200.202406191623/tools/bin/../lib/gcc/arm-none-eabi/12.3.1/thumb/v7e-m+fp/hard/crtn.o
 *(.fini)
 .fini          0x0800b8cc        0x4 C:/ST/STM32CubeIDE_1.15.1/STM32CubeIDE/plugins/com.st.stm32cube.ide.mcu.externaltools.gnu-tools-for-stm32.12.3.rel1.win32_1.0.200.202406191623/tools/bin/../lib/gcc/arm-none-eabi/12.3.1/thumb/v7e-m+fp/hard/crti.o
                0x0800b8cc                _fini
 .fini          0x0800b8d0        0x8 C:/ST/STM32CubeIDE_1.15.1/STM32CubeIDE/plugins/com.st.stm32cube.ide.mcu.externaltools.gnu-tools-for-stm32.12.3.rel1.win32_1.0.200.202406191623/tools/bin/../lib/gcc/arm-none-eabi/12.3.1/thumb/v7e-m+fp/hard/crtn.o
                0x0800b8d8                        . = ALIGN (0x4)
                0x0800b8d8                        _etext = .

.vfp11_veneer   0x0800b8d8        0x0
 .vfp11_veneer  0x0800b8d8        0x0 linker stubs

.v4_bx          0x0800b8d8        0x0
 .v4_bx         0x0800b8d8        0x0 linker stubs

.iplt           0x0800b8d8        0x0
 .iplt          0x0800b8d8        0x0 C:/ST/STM32CubeIDE_1.15.1/STM32CubeIDE/plugins/com.st.stm32cube.ide.mcu.externaltools.gnu-tools-for-stm32.12.3.rel1.win32_1.0.200.202406191623/tools/bin/../lib/gcc/arm-none-eabi/12.3.1/thumb/v7e-m+fp/hard/crtbegin.o

.rodata         0x0800b8d8      0x150
                0x0800b8d8                        . = ALIGN (0x4)
 *(.rodata)
 .rodata        0x0800b8d8        0xc ./Core/Src/command.o
 .rodata        0x0800b8e4        0xc C:/ST/STM32CubeIDE_1.15.1/STM32CubeIDE/plugins/com.st.stm32cube.ide.mcu.externaltools.gnu-tools-for-stm32.12.3.rel1.win32_1.0.200.202406191623/tools/bin/../lib/gcc/arm-none-eabi/12.3.1/../../../../arm-none-eabi/lib/thumb/v7e-m+fp/hard\libc_nano.a(libc_a-nano-vfscanf_i.o)
 *(.rodata*)
 .rodata.AHBPrescTable
                0x0800b8f0       0x10 ./Core/Src/system_stm32f4xx.o
                0x0800b8f0                AHBPrescTable
 .rodata.APBPrescTable
                0x0800b900        0x8 ./Core/Src/system_stm32f4xx.o
                0x0800b900                APBPrescTable
 .rodata.__ssvfscanf_r.str1.1
                0x0800b908        0x4 C:/ST/STM32CubeIDE_1.15.1/STM32CubeIDE/plugins/com.st.stm32cube.ide.mcu.externaltools.gnu-tools-for-stm32.12.3.rel1.win32_1.0.200.202406191623/tools/bin/../lib/gcc/arm-none-eabi/12.3.1/../../../../arm-none-eabi/lib/thumb/v7e-m+fp/hard\libc_nano.a(libc_a-nano-svfscanf.o)
 .rodata._scanf_i.str1.1
                0x0800b90c       0x12 C:/ST/STM32CubeIDE_1.15.1/STM32CubeIDE/plugins/com.st.stm32cube.ide.mcu.externaltools.gnu-tools-for-stm32.12.3.rel1.win32_1.0.200.202406191623/tools/bin/../lib/gcc/arm-none-eabi/12.3.1/../../../../arm-none-eabi/lib/thumb/v7e-m+fp/hard\libc_nano.a(libc_a-nano-vfscanf_i.o)
 .rodata.str1.1
                0x0800b91e        0x9 C:/ST/STM32CubeIDE_1.15.1/STM32CubeIDE/plugins/com.st.stm32cube.ide.mcu.externaltools.gnu-tools-for-stm32.12.3.rel1.win32_1.0.200.202406191623/tools/bin/../lib/gcc/arm-none-eabi/12.3.1/../../../../arm-none-eabi/lib/thumb/v7e-m+fp/hard\libc_nano.a(libc_a-nano-vfscanf_i.o)
 .rodata._ctype_
                0x0800b927      0x101 C:/ST/STM32CubeIDE_1.15.1/STM32CubeIDE/plugins/com.st.stm32cube.ide.mcu.externaltools.gnu-tools-for-stm32.12.3.rel1.win32_1.0.200.202406191623/tools/bin/../lib/gcc/arm-none-eabi/12.3.1/../../../../arm-none-eabi/lib/thumb/v7e-m+fp/hard\libc_nano.a(libc_a-ctype_.o)
                0x0800b927                _ctype_
                0x0800ba28                        . = ALIGN (0x4)

.ARM.extab      0x0800ba28        0x0
                0x0800ba28                        . = ALIGN (0x4)
 *(.ARM.extab* .gnu.linkonce.armextab.*)
                0x0800ba28                        . = ALIGN (0x4)

.ARM            0x0800ba28        0x8
                0x0800ba28                        . = ALIGN (0x4)
                0x0800ba28                        __exidx_start = .
 *(.ARM.exidx*)
 .ARM.exidx     0x0800ba28        0x8 C:/ST/STM32CubeIDE_1.15.1/STM32CubeIDE/plugins/com.st.stm32cube.ide.mcu.externaltools.gnu-tools-for-stm32.12.3.rel1.win32_1.0.200.202406191623/tools/bin/../lib/gcc/arm-none-eabi/12.3.1/../../../../arm-none-eabi/lib/thumb/v7e-m+fp/hard\libc_nano.a(libc_a-strlen.o)
 .ARM.exidx     0x0800ba30        0x0 C:/ST/STM32CubeIDE_1.15.1/STM32CubeIDE/plugins/com.st.stm32cube.ide.mcu.externaltools.gnu-tools-for-stm32.12.3.rel1.win32_1.0.200.202406191623/tools/bin/../lib/gcc/arm-none-eabi/12.3.1/../../../../arm-none-eabi/lib/thumb/v7e-m+fp/hard\libc_nano.a(libc_a-memchr.o)
                                  0x8 (size before relaxing)
 .ARM.exidx     0x0800ba30        0x0 C:/ST/STM32CubeIDE_1.15.1/STM32CubeIDE/plugins/com.st.stm32cube.ide.mcu.externaltools.gnu-tools-for-stm32.12.3.rel1.win32_1.0.200.202406191623/tools/bin/../lib/gcc/arm-none-eabi/12.3.1/thumb/v7e-m+fp/hard\libgcc.a(_udivmoddi4.o)
                                  0x8 (size before relaxing)
                0x0800ba30                        __exidx_end = .
                0x0800ba30                        . = ALIGN (0x4)

.preinit_array  0x0800ba30        0x0
                0x0800ba30                        . = ALIGN (0x4)
                0x0800ba30                        PROVIDE (__preinit_array_start = .)
 *(.preinit_array*)
                0x0800ba30                        PROVIDE (__preinit_array_end = .)
                0x0800ba30                        . = ALIGN (0x4)

.init_array     0x0800ba30        0x4
                0x0800ba30                        . = ALIGN (0x4)
                0x0800ba30                        PROVIDE (__init_array_start = .)
 *(SORT_BY_NAME(.init_array.*))
 *(.init_array*)
 .init_array    0x0800ba30        0x4 C:/ST/STM32CubeIDE_1.15.1/STM32CubeIDE/plugins/com.st.stm32cube.ide.mcu.externaltools.gnu-tools-for-stm32.12.3.rel1.win32_1.0.200.202406191623/tools/bin/../lib/gcc/arm-none-eabi/12.3.1/thumb/v7e-m+fp/hard/crtbegin.o
                0x0800ba34                        PROVIDE (__init_array_end = .)
                0x0800ba34                        . = ALIGN (0x4)

.fini_array     0x0800ba34        0x4
                0x0800ba34                        . = ALIGN (0x4)
                [!provide]                        PROVIDE (__fini_array_start = .)
 *(SORT_BY_NAME(.fini_array.*))
 *(.fini_array*)
 .fini_array    0x0800ba34        0x4 C:/ST/STM32CubeIDE_1.15.1/STM32CubeIDE/plugins/com.st.stm32cube.ide.mcu.externaltools.gnu-tools-for-stm32.12.3.rel1.win32_1.0.200.202406191623/tools/bin/../lib/gcc/arm-none-eabi/12.3.1/thumb/v7e-m+fp/hard/crtbegin.o
                [!provide]                        PROVIDE (__fini_array_end = .)
                0x0800ba38                        . = ALIGN (0x4)
                0x0800ba38                        _sidata = LOADADDR (.data)

.rel.dyn        0x0800ba38        0x0
 .rel.iplt      0x0800ba38        0x0 C:/ST/STM32CubeIDE_1.15.1/STM32CubeIDE/plugins/com.st.stm32cube.ide.mcu.externaltools.gnu-tools-for-stm32.12.3.rel1.win32_1.0.200.202406191623/tools/bin/../lib/gcc/arm-none-eabi/12.3.1/thumb/v7e-m+fp/hard/crtbegin.o

.data           0x20000000      0x3f8 load address 0x0800ba38
                0x20000000                        . = ALIGN (0x4)
                0x20000000                        _sdata = .
 *(.data)
 *(.data*)
 .data.error_message
                0x20000000       0x19 ./Core/Src/command.o
                0x20000000                error_message
 *fill*         0x20000019        0x3 
 .data.g0_message
                0x2000001c       0x16 ./Core/Src/command.o
                0x2000001c                g0_message
 *fill*         0x20000032        0x2 
 .data.g1_message
                0x20000034       0x16 ./Core/Src/command.o
                0x20000034                g1_message
 *fill*         0x2000004a        0x2 
 .data.m203_message
                0x2000004c       0x18 ./Core/Src/command.o
                0x2000004c                m203_message
 .data.m204_message
                0x20000064       0x18 ./Core/Src/command.o
                0x20000064                m204_message
 .data.m205_message_clockwise
                0x2000007c       0x2c ./Core/Src/command.o
                0x2000007c                m205_message_clockwise
 .data.m205_message_anticlockwise
                0x200000a8       0x31 ./Core/Src/command.o
                0x200000a8                m205_message_anticlockwise
 *fill*         0x200000d9        0x3 
 .data.CalDistanceMilliMeter
                0x200000dc        0x4 ./Core/Src/main.o
                0x200000dc                CalDistanceMilliMeter
 .data.SystemCoreClock
                0x200000e0        0x4 ./Core/Src/system_stm32f4xx.o
                0x200000e0                SystemCoreClock
 .data.DefaultTuningSettings
                0x200000e4       0xf3 ./Core/Src/vl53l0x_api.o
                0x200000e4                DefaultTuningSettings
 *fill*         0x200001d7        0x1 
 .data.InterruptThresholdSettings
                0x200001d8      0x1b6 ./Core/Src/vl53l0x_api.o
                0x200001d8                InterruptThresholdSettings
 *fill*         0x2000038e        0x2 
 .data.refArrayQuadrants
                0x20000390       0x10 ./Core/Src/vl53l0x_api_calibration.o
                0x20000390                refArrayQuadrants
 .data.uwTickPrio
                0x200003a0        0x4 ./Drivers/STM32F4xx_HAL_Driver/Src/stm32f4xx_hal.o
                0x200003a0                uwTickPrio
 .data.uwTickFreq
                0x200003a4        0x1 ./Drivers/STM32F4xx_HAL_Driver/Src/stm32f4xx_hal.o
                0x200003a4                uwTickFreq
 *fill*         0x200003a5        0x3 
 .data._impure_ptr
                0x200003a8        0x4 C:/ST/STM32CubeIDE_1.15.1/STM32CubeIDE/plugins/com.st.stm32cube.ide.mcu.externaltools.gnu-tools-for-stm32.12.3.rel1.win32_1.0.200.202406191623/tools/bin/../lib/gcc/arm-none-eabi/12.3.1/../../../../arm-none-eabi/lib/thumb/v7e-m+fp/hard\libc_nano.a(libc_a-impure.o)
                0x200003a8                _impure_ptr
 .data._impure_data
                0x200003ac       0x4c C:/ST/STM32CubeIDE_1.15.1/STM32CubeIDE/plugins/com.st.stm32cube.ide.mcu.externaltools.gnu-tools-for-stm32.12.3.rel1.win32_1.0.200.202406191623/tools/bin/../lib/gcc/arm-none-eabi/12.3.1/../../../../arm-none-eabi/lib/thumb/v7e-m+fp/hard\libc_nano.a(libc_a-impure.o)
                0x200003ac                _impure_data
 *(.RamFunc)
 *(.RamFunc*)
                0x200003f8                        . = ALIGN (0x4)
                0x200003f8                        _edata = .

.igot.plt       0x200003f8        0x0 load address 0x0800be30
 .igot.plt      0x200003f8        0x0 C:/ST/STM32CubeIDE_1.15.1/STM32CubeIDE/plugins/com.st.stm32cube.ide.mcu.externaltools.gnu-tools-for-stm32.12.3.rel1.win32_1.0.200.202406191623/tools/bin/../lib/gcc/arm-none-eabi/12.3.1/thumb/v7e-m+fp/hard/crtbegin.o
                0x200003f8                        . = ALIGN (0x4)

.bss            0x200003f8      0x55c load address 0x0800be30
                0x200003f8                        _sbss = .
                0x200003f8                        __bss_start__ = _sbss
 *(.bss)
 .bss           0x200003f8       0x1c C:/ST/STM32CubeIDE_1.15.1/STM32CubeIDE/plugins/com.st.stm32cube.ide.mcu.externaltools.gnu-tools-for-stm32.12.3.rel1.win32_1.0.200.202406191623/tools/bin/../lib/gcc/arm-none-eabi/12.3.1/thumb/v7e-m+fp/hard/crtbegin.o
 *(.bss*)
 .bss.hi2c1     0x20000414       0x54 ./Core/Src/i2c.o
                0x20000414                hi2c1
 .bss.nema_17   0x20000468       0x44 ./Core/Src/main.o
                0x20000468                nema_17
 .bss.g_command
                0x200004ac       0x3c ./Core/Src/main.o
                0x200004ac                g_command
 .bss.rx_data   0x200004e8       0x14 ./Core/Src/main.o
                0x200004e8                rx_data
 .bss.cnt       0x200004fc        0x1 ./Core/Src/main.o
                0x200004fc                cnt
 *fill*         0x200004fd        0x3 
 .bss.vl53l0x_dev
                0x20000500      0x174 ./Core/Src/main.o
                0x20000500                vl53l0x_dev
 .bss.status    0x20000674        0x1 ./Core/Src/main.o
                0x20000674                status
 *fill*         0x20000675        0x3 
 .bss.RangingData
                0x20000678       0x1c ./Core/Src/main.o
                0x20000678                RangingData
 .bss.VhvSettings
                0x20000694        0x1 ./Core/Src/main.o
                0x20000694                VhvSettings
 .bss.PhaseCal  0x20000695        0x1 ./Core/Src/main.o
                0x20000695                PhaseCal
 *fill*         0x20000696        0x2 
 .bss.refSpadCount
                0x20000698        0x4 ./Core/Src/main.o
                0x20000698                refSpadCount
 .bss.isApertureSpads
                0x2000069c        0x1 ./Core/Src/main.o
                0x2000069c                isApertureSpads
 *fill*         0x2000069d        0x3 
 .bss.pOffsetMicroMeter
                0x200006a0        0x4 ./Core/Src/main.o
                0x200006a0                pOffsetMicroMeter
 .bss.__sbrk_heap_end
                0x200006a4        0x4 ./Core/Src/sysmem.o
 .bss.htim2     0x200006a8       0x48 ./Core/Src/tim.o
                0x200006a8                htim2
 .bss.htim3     0x200006f0       0x48 ./Core/Src/tim.o
                0x200006f0                htim3
 .bss.htim6     0x20000738       0x48 ./Core/Src/tim.o
                0x20000738                htim6
 .bss.huart2    0x20000780       0x48 ./Core/Src/usart.o
                0x20000780                huart2
 .bss._I2CBuffer
                0x200007c8       0x40 ./Core/Src/vl53l0x_platform.o
                0x200007c8                _I2CBuffer
 .bss.uwTick    0x20000808        0x4 ./Drivers/STM32F4xx_HAL_Driver/Src/stm32f4xx_hal.o
                0x20000808                uwTick
 .bss.__sf      0x2000080c      0x138 C:/ST/STM32CubeIDE_1.15.1/STM32CubeIDE/plugins/com.st.stm32cube.ide.mcu.externaltools.gnu-tools-for-stm32.12.3.rel1.win32_1.0.200.202406191623/tools/bin/../lib/gcc/arm-none-eabi/12.3.1/../../../../arm-none-eabi/lib/thumb/v7e-m+fp/hard\libc_nano.a(libc_a-findfp.o)
                0x2000080c                __sf
 .bss.errno     0x20000944        0x4 C:/ST/STM32CubeIDE_1.15.1/STM32CubeIDE/plugins/com.st.stm32cube.ide.mcu.externaltools.gnu-tools-for-stm32.12.3.rel1.win32_1.0.200.202406191623/tools/bin/../lib/gcc/arm-none-eabi/12.3.1/../../../../arm-none-eabi/lib/thumb/v7e-m+fp/hard\libc_nano.a(libc_a-reent.o)
                0x20000944                errno
 .bss.__lock___malloc_recursive_mutex
                0x20000948        0x1 C:/ST/STM32CubeIDE_1.15.1/STM32CubeIDE/plugins/com.st.stm32cube.ide.mcu.externaltools.gnu-tools-for-stm32.12.3.rel1.win32_1.0.200.202406191623/tools/bin/../lib/gcc/arm-none-eabi/12.3.1/../../../../arm-none-eabi/lib/thumb/v7e-m+fp/hard\libc_nano.a(libc_a-lock.o)
                0x20000948                __lock___malloc_recursive_mutex
 *fill*         0x20000949        0x3 
 .bss.__malloc_sbrk_start
                0x2000094c        0x4 C:/ST/STM32CubeIDE_1.15.1/STM32CubeIDE/plugins/com.st.stm32cube.ide.mcu.externaltools.gnu-tools-for-stm32.12.3.rel1.win32_1.0.200.202406191623/tools/bin/../lib/gcc/arm-none-eabi/12.3.1/../../../../arm-none-eabi/lib/thumb/v7e-m+fp/hard\libc_nano.a(libc_a-mallocr.o)
                0x2000094c                __malloc_sbrk_start
 .bss.__malloc_free_list
                0x20000950        0x4 C:/ST/STM32CubeIDE_1.15.1/STM32CubeIDE/plugins/com.st.stm32cube.ide.mcu.externaltools.gnu-tools-for-stm32.12.3.rel1.win32_1.0.200.202406191623/tools/bin/../lib/gcc/arm-none-eabi/12.3.1/../../../../arm-none-eabi/lib/thumb/v7e-m+fp/hard\libc_nano.a(libc_a-mallocr.o)
                0x20000950                __malloc_free_list
 *(COMMON)
                0x20000954                        . = ALIGN (0x4)
                0x20000954                        _ebss = .
                0x20000954                        __bss_end__ = _ebss

._user_heap_stack
                0x20000954      0x604 load address 0x0800be30
                0x20000958                        . = ALIGN (0x8)
 *fill*         0x20000954        0x4 
                [!provide]                        PROVIDE (end = .)
                0x20000958                        PROVIDE (_end = .)
                0x20000b58                        . = (. + _Min_Heap_Size)
 *fill*         0x20000958      0x200 
                0x20000f58                        . = (. + _Min_Stack_Size)
 *fill*         0x20000b58      0x400 
                0x20000f58                        . = ALIGN (0x8)

/DISCARD/
 libc.a(*)
 libm.a(*)
 libgcc.a(*)

.ARM.attributes
                0x00000000       0x30
 *(.ARM.attributes)
 .ARM.attributes
                0x00000000       0x22 C:/ST/STM32CubeIDE_1.15.1/STM32CubeIDE/plugins/com.st.stm32cube.ide.mcu.externaltools.gnu-tools-for-stm32.12.3.rel1.win32_1.0.200.202406191623/tools/bin/../lib/gcc/arm-none-eabi/12.3.1/thumb/v7e-m+fp/hard/crti.o
 .ARM.attributes
                0x00000022       0x34 C:/ST/STM32CubeIDE_1.15.1/STM32CubeIDE/plugins/com.st.stm32cube.ide.mcu.externaltools.gnu-tools-for-stm32.12.3.rel1.win32_1.0.200.202406191623/tools/bin/../lib/gcc/arm-none-eabi/12.3.1/thumb/v7e-m+fp/hard/crtbegin.o
 .ARM.attributes
                0x00000056       0x34 ./Core/Src/command.o
 .ARM.attributes
                0x0000008a       0x34 ./Core/Src/gpio.o
 .ARM.attributes
                0x000000be       0x34 ./Core/Src/i2c.o
 .ARM.attributes
                0x000000f2       0x34 ./Core/Src/main.o
 .ARM.attributes
                0x00000126       0x34 ./Core/Src/stepper.o
 .ARM.attributes
                0x0000015a       0x34 ./Core/Src/stm32f4xx_hal_msp.o
 .ARM.attributes
                0x0000018e       0x34 ./Core/Src/stm32f4xx_it.o
 .ARM.attributes
                0x000001c2       0x34 ./Core/Src/sysmem.o
 .ARM.attributes
                0x000001f6       0x34 ./Core/Src/system_stm32f4xx.o
 .ARM.attributes
                0x0000022a       0x34 ./Core/Src/tim.o
 .ARM.attributes
                0x0000025e       0x34 ./Core/Src/usart.o
 .ARM.attributes
                0x00000292       0x34 ./Core/Src/vl53l0x_api.o
 .ARM.attributes
                0x000002c6       0x34 ./Core/Src/vl53l0x_api_calibration.o
 .ARM.attributes
                0x000002fa       0x34 ./Core/Src/vl53l0x_api_core.o
 .ARM.attributes
                0x0000032e       0x34 ./Core/Src/vl53l0x_platform.o
 .ARM.attributes
                0x00000362       0x21 ./Core/Startup/startup_stm32f446retx.o
 .ARM.attributes
                0x00000383       0x34 ./Drivers/STM32F4xx_HAL_Driver/Src/stm32f4xx_hal.o
 .ARM.attributes
                0x000003b7       0x34 ./Drivers/STM32F4xx_HAL_Driver/Src/stm32f4xx_hal_cortex.o
 .ARM.attributes
                0x000003eb       0x34 ./Drivers/STM32F4xx_HAL_Driver/Src/stm32f4xx_hal_dma.o
 .ARM.attributes
                0x0000041f       0x34 ./Drivers/STM32F4xx_HAL_Driver/Src/stm32f4xx_hal_gpio.o
 .ARM.attributes
                0x00000453       0x34 ./Drivers/STM32F4xx_HAL_Driver/Src/stm32f4xx_hal_i2c.o
 .ARM.attributes
                0x00000487       0x34 ./Drivers/STM32F4xx_HAL_Driver/Src/stm32f4xx_hal_rcc.o
 .ARM.attributes
                0x000004bb       0x34 ./Drivers/STM32F4xx_HAL_Driver/Src/stm32f4xx_hal_rcc_ex.o
 .ARM.attributes
                0x000004ef       0x34 ./Drivers/STM32F4xx_HAL_Driver/Src/stm32f4xx_hal_tim.o
 .ARM.attributes
                0x00000523       0x34 ./Drivers/STM32F4xx_HAL_Driver/Src/stm32f4xx_hal_tim_ex.o
 .ARM.attributes
                0x00000557       0x34 ./Drivers/STM32F4xx_HAL_Driver/Src/stm32f4xx_hal_uart.o
 .ARM.attributes
                0x0000058b       0x34 C:/ST/STM32CubeIDE_1.15.1/STM32CubeIDE/plugins/com.st.stm32cube.ide.mcu.externaltools.gnu-tools-for-stm32.12.3.rel1.win32_1.0.200.202406191623/tools/bin/../lib/gcc/arm-none-eabi/12.3.1/../../../../arm-none-eabi/lib/thumb/v7e-m+fp/hard\libc_nano.a(libc_a-findfp.o)
 .ARM.attributes
                0x000005bf       0x34 C:/ST/STM32CubeIDE_1.15.1/STM32CubeIDE/plugins/com.st.stm32cube.ide.mcu.externaltools.gnu-tools-for-stm32.12.3.rel1.win32_1.0.200.202406191623/tools/bin/../lib/gcc/arm-none-eabi/12.3.1/../../../../arm-none-eabi/lib/thumb/v7e-m+fp/hard\libc_nano.a(libc_a-sscanf.o)
 .ARM.attributes
                0x000005f3       0x34 C:/ST/STM32CubeIDE_1.15.1/STM32CubeIDE/plugins/com.st.stm32cube.ide.mcu.externaltools.gnu-tools-for-stm32.12.3.rel1.win32_1.0.200.202406191623/tools/bin/../lib/gcc/arm-none-eabi/12.3.1/../../../../arm-none-eabi/lib/thumb/v7e-m+fp/hard\libc_nano.a(libc_a-stdio.o)
 .ARM.attributes
                0x00000627       0x34 C:/ST/STM32CubeIDE_1.15.1/STM32CubeIDE/plugins/com.st.stm32cube.ide.mcu.externaltools.gnu-tools-for-stm32.12.3.rel1.win32_1.0.200.202406191623/tools/bin/../lib/gcc/arm-none-eabi/12.3.1/../../../../arm-none-eabi/lib/thumb/v7e-m+fp/hard\libc_nano.a(libc_a-memset.o)
 .ARM.attributes
                0x0000065b       0x34 C:/ST/STM32CubeIDE_1.15.1/STM32CubeIDE/plugins/com.st.stm32cube.ide.mcu.externaltools.gnu-tools-for-stm32.12.3.rel1.win32_1.0.200.202406191623/tools/bin/../lib/gcc/arm-none-eabi/12.3.1/../../../../arm-none-eabi/lib/thumb/v7e-m+fp/hard\libc_nano.a(libc_a-reent.o)
 .ARM.attributes
                0x0000068f       0x34 C:/ST/STM32CubeIDE_1.15.1/STM32CubeIDE/plugins/com.st.stm32cube.ide.mcu.externaltools.gnu-tools-for-stm32.12.3.rel1.win32_1.0.200.202406191623/tools/bin/../lib/gcc/arm-none-eabi/12.3.1/../../../../arm-none-eabi/lib/thumb/v7e-m+fp/hard\libc_nano.a(libc_a-impure.o)
 .ARM.attributes
                0x000006c3       0x34 C:/ST/STM32CubeIDE_1.15.1/STM32CubeIDE/plugins/com.st.stm32cube.ide.mcu.externaltools.gnu-tools-for-stm32.12.3.rel1.win32_1.0.200.202406191623/tools/bin/../lib/gcc/arm-none-eabi/12.3.1/../../../../arm-none-eabi/lib/thumb/v7e-m+fp/hard\libc_nano.a(libc_a-errno.o)
 .ARM.attributes
                0x000006f7       0x34 C:/ST/STM32CubeIDE_1.15.1/STM32CubeIDE/plugins/com.st.stm32cube.ide.mcu.externaltools.gnu-tools-for-stm32.12.3.rel1.win32_1.0.200.202406191623/tools/bin/../lib/gcc/arm-none-eabi/12.3.1/../../../../arm-none-eabi/lib/thumb/v7e-m+fp/hard\libc_nano.a(libc_a-init.o)
 .ARM.attributes
                0x0000072b       0x34 C:/ST/STM32CubeIDE_1.15.1/STM32CubeIDE/plugins/com.st.stm32cube.ide.mcu.externaltools.gnu-tools-for-stm32.12.3.rel1.win32_1.0.200.202406191623/tools/bin/../lib/gcc/arm-none-eabi/12.3.1/../../../../arm-none-eabi/lib/thumb/v7e-m+fp/hard\libc_nano.a(libc_a-lock.o)
 .ARM.attributes
                0x0000075f       0x34 C:/ST/STM32CubeIDE_1.15.1/STM32CubeIDE/plugins/com.st.stm32cube.ide.mcu.externaltools.gnu-tools-for-stm32.12.3.rel1.win32_1.0.200.202406191623/tools/bin/../lib/gcc/arm-none-eabi/12.3.1/../../../../arm-none-eabi/lib/thumb/v7e-m+fp/hard\libc_nano.a(libc_a-strcpy.o)
 .ARM.attributes
                0x00000793       0x34 C:/ST/STM32CubeIDE_1.15.1/STM32CubeIDE/plugins/com.st.stm32cube.ide.mcu.externaltools.gnu-tools-for-stm32.12.3.rel1.win32_1.0.200.202406191623/tools/bin/../lib/gcc/arm-none-eabi/12.3.1/../../../../arm-none-eabi/lib/thumb/v7e-m+fp/hard\libc_nano.a(libc_a-memcpy-stub.o)
 .ARM.attributes
                0x000007c7       0x17 C:/ST/STM32CubeIDE_1.15.1/STM32CubeIDE/plugins/com.st.stm32cube.ide.mcu.externaltools.gnu-tools-for-stm32.12.3.rel1.win32_1.0.200.202406191623/tools/bin/../lib/gcc/arm-none-eabi/12.3.1/../../../../arm-none-eabi/lib/thumb/v7e-m+fp/hard\libc_nano.a(libc_a-strlen.o)
 .ARM.attributes
                0x000007de       0x34 C:/ST/STM32CubeIDE_1.15.1/STM32CubeIDE/plugins/com.st.stm32cube.ide.mcu.externaltools.gnu-tools-for-stm32.12.3.rel1.win32_1.0.200.202406191623/tools/bin/../lib/gcc/arm-none-eabi/12.3.1/../../../../arm-none-eabi/lib/thumb/v7e-m+fp/hard\libc_nano.a(libc_a-freer.o)
 .ARM.attributes
                0x00000812       0x34 C:/ST/STM32CubeIDE_1.15.1/STM32CubeIDE/plugins/com.st.stm32cube.ide.mcu.externaltools.gnu-tools-for-stm32.12.3.rel1.win32_1.0.200.202406191623/tools/bin/../lib/gcc/arm-none-eabi/12.3.1/../../../../arm-none-eabi/lib/thumb/v7e-m+fp/hard\libc_nano.a(libc_a-mallocr.o)
 .ARM.attributes
                0x00000846       0x34 C:/ST/STM32CubeIDE_1.15.1/STM32CubeIDE/plugins/com.st.stm32cube.ide.mcu.externaltools.gnu-tools-for-stm32.12.3.rel1.win32_1.0.200.202406191623/tools/bin/../lib/gcc/arm-none-eabi/12.3.1/../../../../arm-none-eabi/lib/thumb/v7e-m+fp/hard\libc_nano.a(libc_a-mlock.o)
 .ARM.attributes
                0x0000087a       0x34 C:/ST/STM32CubeIDE_1.15.1/STM32CubeIDE/plugins/com.st.stm32cube.ide.mcu.externaltools.gnu-tools-for-stm32.12.3.rel1.win32_1.0.200.202406191623/tools/bin/../lib/gcc/arm-none-eabi/12.3.1/../../../../arm-none-eabi/lib/thumb/v7e-m+fp/hard\libc_nano.a(libc_a-nano-svfscanf.o)
 .ARM.attributes
                0x000008ae       0x34 C:/ST/STM32CubeIDE_1.15.1/STM32CubeIDE/plugins/com.st.stm32cube.ide.mcu.externaltools.gnu-tools-for-stm32.12.3.rel1.win32_1.0.200.202406191623/tools/bin/../lib/gcc/arm-none-eabi/12.3.1/../../../../arm-none-eabi/lib/thumb/v7e-m+fp/hard\libc_nano.a(libc_a-nano-vfscanf_i.o)
 .ARM.attributes
                0x000008e2       0x34 C:/ST/STM32CubeIDE_1.15.1/STM32CubeIDE/plugins/com.st.stm32cube.ide.mcu.externaltools.gnu-tools-for-stm32.12.3.rel1.win32_1.0.200.202406191623/tools/bin/../lib/gcc/arm-none-eabi/12.3.1/../../../../arm-none-eabi/lib/thumb/v7e-m+fp/hard\libc_nano.a(libc_a-sccl.o)
 .ARM.attributes
                0x00000916       0x34 C:/ST/STM32CubeIDE_1.15.1/STM32CubeIDE/plugins/com.st.stm32cube.ide.mcu.externaltools.gnu-tools-for-stm32.12.3.rel1.win32_1.0.200.202406191623/tools/bin/../lib/gcc/arm-none-eabi/12.3.1/../../../../arm-none-eabi/lib/thumb/v7e-m+fp/hard\libc_nano.a(libc_a-ungetc.o)
 .ARM.attributes
                0x0000094a       0x34 C:/ST/STM32CubeIDE_1.15.1/STM32CubeIDE/plugins/com.st.stm32cube.ide.mcu.externaltools.gnu-tools-for-stm32.12.3.rel1.win32_1.0.200.202406191623/tools/bin/../lib/gcc/arm-none-eabi/12.3.1/../../../../arm-none-eabi/lib/thumb/v7e-m+fp/hard\libc_nano.a(libc_a-sbrkr.o)
 .ARM.attributes
                0x0000097e       0x1c C:/ST/STM32CubeIDE_1.15.1/STM32CubeIDE/plugins/com.st.stm32cube.ide.mcu.externaltools.gnu-tools-for-stm32.12.3.rel1.win32_1.0.200.202406191623/tools/bin/../lib/gcc/arm-none-eabi/12.3.1/../../../../arm-none-eabi/lib/thumb/v7e-m+fp/hard\libc_nano.a(libc_a-memchr.o)
 .ARM.attributes
                0x0000099a       0x34 C:/ST/STM32CubeIDE_1.15.1/STM32CubeIDE/plugins/com.st.stm32cube.ide.mcu.externaltools.gnu-tools-for-stm32.12.3.rel1.win32_1.0.200.202406191623/tools/bin/../lib/gcc/arm-none-eabi/12.3.1/../../../../arm-none-eabi/lib/thumb/v7e-m+fp/hard\libc_nano.a(libc_a-reallocr.o)
 .ARM.attributes
                0x000009ce       0x34 C:/ST/STM32CubeIDE_1.15.1/STM32CubeIDE/plugins/com.st.stm32cube.ide.mcu.externaltools.gnu-tools-for-stm32.12.3.rel1.win32_1.0.200.202406191623/tools/bin/../lib/gcc/arm-none-eabi/12.3.1/../../../../arm-none-eabi/lib/thumb/v7e-m+fp/hard\libc_nano.a(libc_a-strtol.o)
 .ARM.attributes
                0x00000a02       0x34 C:/ST/STM32CubeIDE_1.15.1/STM32CubeIDE/plugins/com.st.stm32cube.ide.mcu.externaltools.gnu-tools-for-stm32.12.3.rel1.win32_1.0.200.202406191623/tools/bin/../lib/gcc/arm-none-eabi/12.3.1/../../../../arm-none-eabi/lib/thumb/v7e-m+fp/hard\libc_nano.a(libc_a-strtoul.o)
 .ARM.attributes
                0x00000a36       0x34 C:/ST/STM32CubeIDE_1.15.1/STM32CubeIDE/plugins/com.st.stm32cube.ide.mcu.externaltools.gnu-tools-for-stm32.12.3.rel1.win32_1.0.200.202406191623/tools/bin/../lib/gcc/arm-none-eabi/12.3.1/../../../../arm-none-eabi/lib/thumb/v7e-m+fp/hard\libc_nano.a(libc_a-ctype_.o)
 .ARM.attributes
                0x00000a6a       0x34 C:/ST/STM32CubeIDE_1.15.1/STM32CubeIDE/plugins/com.st.stm32cube.ide.mcu.externaltools.gnu-tools-for-stm32.12.3.rel1.win32_1.0.200.202406191623/tools/bin/../lib/gcc/arm-none-eabi/12.3.1/../../../../arm-none-eabi/lib/thumb/v7e-m+fp/hard\libc_nano.a(libc_a-msizer.o)
 .ARM.attributes
                0x00000a9e       0x22 C:/ST/STM32CubeIDE_1.15.1/STM32CubeIDE/plugins/com.st.stm32cube.ide.mcu.externaltools.gnu-tools-for-stm32.12.3.rel1.win32_1.0.200.202406191623/tools/bin/../lib/gcc/arm-none-eabi/12.3.1/thumb/v7e-m+fp/hard\libgcc.a(_aeabi_uldivmod.o)
 .ARM.attributes
                0x00000ac0       0x34 C:/ST/STM32CubeIDE_1.15.1/STM32CubeIDE/plugins/com.st.stm32cube.ide.mcu.externaltools.gnu-tools-for-stm32.12.3.rel1.win32_1.0.200.202406191623/tools/bin/../lib/gcc/arm-none-eabi/12.3.1/thumb/v7e-m+fp/hard\libgcc.a(_udivmoddi4.o)
 .ARM.attributes
                0x00000af4       0x22 C:/ST/STM32CubeIDE_1.15.1/STM32CubeIDE/plugins/com.st.stm32cube.ide.mcu.externaltools.gnu-tools-for-stm32.12.3.rel1.win32_1.0.200.202406191623/tools/bin/../lib/gcc/arm-none-eabi/12.3.1/thumb/v7e-m+fp/hard\libgcc.a(_dvmd_tls.o)
 .ARM.attributes
                0x00000b16       0x22 C:/ST/STM32CubeIDE_1.15.1/STM32CubeIDE/plugins/com.st.stm32cube.ide.mcu.externaltools.gnu-tools-for-stm32.12.3.rel1.win32_1.0.200.202406191623/tools/bin/../lib/gcc/arm-none-eabi/12.3.1/thumb/v7e-m+fp/hard/crtn.o
OUTPUT(Project-control-stepper.elf elf32-littlearm)
LOAD linker stubs
LOAD C:/ST/STM32CubeIDE_1.15.1/STM32CubeIDE/plugins/com.st.stm32cube.ide.mcu.externaltools.gnu-tools-for-stm32.12.3.rel1.win32_1.0.200.202406191623/tools/bin/../lib/gcc/arm-none-eabi/12.3.1/../../../../arm-none-eabi/lib/thumb/v7e-m+fp/hard\libc.a
LOAD C:/ST/STM32CubeIDE_1.15.1/STM32CubeIDE/plugins/com.st.stm32cube.ide.mcu.externaltools.gnu-tools-for-stm32.12.3.rel1.win32_1.0.200.202406191623/tools/bin/../lib/gcc/arm-none-eabi/12.3.1/../../../../arm-none-eabi/lib/thumb/v7e-m+fp/hard\libm.a
LOAD C:/ST/STM32CubeIDE_1.15.1/STM32CubeIDE/plugins/com.st.stm32cube.ide.mcu.externaltools.gnu-tools-for-stm32.12.3.rel1.win32_1.0.200.202406191623/tools/bin/../lib/gcc/arm-none-eabi/12.3.1/thumb/v7e-m+fp/hard\libgcc.a

.debug_info     0x00000000    0x1c699
 .debug_info    0x00000000      0xe75 ./Core/Src/command.o
 .debug_info    0x00000e75      0x6b0 ./Core/Src/gpio.o
 .debug_info    0x00001525      0x9a4 ./Core/Src/i2c.o
 .debug_info    0x00001ec9     0x1cfa ./Core/Src/main.o
 .debug_info    0x00003bc3      0xbdf ./Core/Src/stepper.o
 .debug_info    0x000047a2      0x2ac ./Core/Src/stm32f4xx_hal_msp.o
 .debug_info    0x00004a4e      0x9cf ./Core/Src/stm32f4xx_it.o
 .debug_info    0x0000541d      0x168 ./Core/Src/sysmem.o
 .debug_info    0x00005585      0x54a ./Core/Src/system_stm32f4xx.o
 .debug_info    0x00005acf      0xfda ./Core/Src/tim.o
 .debug_info    0x00006aa9      0xbdb ./Core/Src/usart.o
 .debug_info    0x00007684     0x34da ./Core/Src/vl53l0x_api.o
 .debug_info    0x0000ab5e     0x1ca7 ./Core/Src/vl53l0x_api_calibration.o
 .debug_info    0x0000c805     0x215d ./Core/Src/vl53l0x_api_core.o
 .debug_info    0x0000e962     0x11a8 ./Core/Src/vl53l0x_platform.o
 .debug_info    0x0000fb0a       0x30 ./Core/Startup/startup_stm32f446retx.o
 .debug_info    0x0000fb3a      0x99a ./Drivers/STM32F4xx_HAL_Driver/Src/stm32f4xx_hal.o
 .debug_info    0x000104d4      0xdaa ./Drivers/STM32F4xx_HAL_Driver/Src/stm32f4xx_hal_cortex.o
 .debug_info    0x0001127e      0x8e7 ./Drivers/STM32F4xx_HAL_Driver/Src/stm32f4xx_hal_dma.o
 .debug_info    0x00011b65      0x70b ./Drivers/STM32F4xx_HAL_Driver/Src/stm32f4xx_hal_gpio.o
 .debug_info    0x00012270     0x2421 ./Drivers/STM32F4xx_HAL_Driver/Src/stm32f4xx_hal_i2c.o
 .debug_info    0x00014691      0x8eb ./Drivers/STM32F4xx_HAL_Driver/Src/stm32f4xx_hal_rcc.o
 .debug_info    0x00014f7c      0x956 ./Drivers/STM32F4xx_HAL_Driver/Src/stm32f4xx_hal_rcc_ex.o
 .debug_info    0x000158d2     0x299d ./Drivers/STM32F4xx_HAL_Driver/Src/stm32f4xx_hal_tim.o
 .debug_info    0x0001826f     0x14db ./Drivers/STM32F4xx_HAL_Driver/Src/stm32f4xx_hal_tim_ex.o
 .debug_info    0x0001974a     0x2f4f ./Drivers/STM32F4xx_HAL_Driver/Src/stm32f4xx_hal_uart.o

.debug_abbrev   0x00000000     0x3632
 .debug_abbrev  0x00000000      0x1e3 ./Core/Src/command.o
 .debug_abbrev  0x000001e3      0x174 ./Core/Src/gpio.o
 .debug_abbrev  0x00000357      0x1f1 ./Core/Src/i2c.o
 .debug_abbrev  0x00000548      0x322 ./Core/Src/main.o
 .debug_abbrev  0x0000086a      0x1c8 ./Core/Src/stepper.o
 .debug_abbrev  0x00000a32       0xf4 ./Core/Src/stm32f4xx_hal_msp.o
 .debug_abbrev  0x00000b26      0x1b1 ./Core/Src/stm32f4xx_it.o
 .debug_abbrev  0x00000cd7       0xbc ./Core/Src/sysmem.o
 .debug_abbrev  0x00000d93      0x11a ./Core/Src/system_stm32f4xx.o
 .debug_abbrev  0x00000ead      0x22c ./Core/Src/tim.o
 .debug_abbrev  0x000010d9      0x218 ./Core/Src/usart.o
 .debug_abbrev  0x000012f1      0x2ae ./Core/Src/vl53l0x_api.o
 .debug_abbrev  0x0000159f      0x29f ./Core/Src/vl53l0x_api_calibration.o
 .debug_abbrev  0x0000183e      0x2b7 ./Core/Src/vl53l0x_api_core.o
 .debug_abbrev  0x00001af5      0x239 ./Core/Src/vl53l0x_platform.o
 .debug_abbrev  0x00001d2e       0x24 ./Core/Startup/startup_stm32f446retx.o
 .debug_abbrev  0x00001d52      0x214 ./Drivers/STM32F4xx_HAL_Driver/Src/stm32f4xx_hal.o
 .debug_abbrev  0x00001f66      0x31d ./Drivers/STM32F4xx_HAL_Driver/Src/stm32f4xx_hal_cortex.o
 .debug_abbrev  0x00002283      0x264 ./Drivers/STM32F4xx_HAL_Driver/Src/stm32f4xx_hal_dma.o
 .debug_abbrev  0x000024e7      0x1d4 ./Drivers/STM32F4xx_HAL_Driver/Src/stm32f4xx_hal_gpio.o
 .debug_abbrev  0x000026bb      0x2ad ./Drivers/STM32F4xx_HAL_Driver/Src/stm32f4xx_hal_i2c.o
 .debug_abbrev  0x00002968      0x2b7 ./Drivers/STM32F4xx_HAL_Driver/Src/stm32f4xx_hal_rcc.o
 .debug_abbrev  0x00002c1f      0x20a ./Drivers/STM32F4xx_HAL_Driver/Src/stm32f4xx_hal_rcc_ex.o
 .debug_abbrev  0x00002e29      0x278 ./Drivers/STM32F4xx_HAL_Driver/Src/stm32f4xx_hal_tim.o
 .debug_abbrev  0x000030a1      0x283 ./Drivers/STM32F4xx_HAL_Driver/Src/stm32f4xx_hal_tim_ex.o
 .debug_abbrev  0x00003324      0x30e ./Drivers/STM32F4xx_HAL_Driver/Src/stm32f4xx_hal_uart.o

.debug_aranges  0x00000000     0x1648
 .debug_aranges
                0x00000000       0x60 ./Core/Src/command.o